2026-01-15 12:07:38 - root - INFO - Logging initialized - Log file: ./logs\20260115_120733\ssgadd_20260115_120733.log
2026-01-15 12:07:38 - selenium.webdriver.common.selenium_manager - DEBUG - Selenium Manager binary found at: C:\Users\Mark Castro\AppData\Local\Programs\Python\Python311\Lib\site-packages\selenium\webdriver\common\windows\selenium-manager.exe
2026-01-15 12:07:38 - selenium.webdriver.common.selenium_manager - DEBUG - Executing process: C:\Users\Mark Castro\AppData\Local\Programs\Python\Python311\Lib\site-packages\selenium\webdriver\common\windows\selenium-manager.exe --browser chrome --debug --language-binding python --output json
2026-01-15 12:07:40 - selenium.webdriver.common.selenium_manager - DEBUG - Sending stats to Plausible: Props { browser: "chrome", browser_version: "", os: "windows", arch: "amd64", lang: "python", selenium_version: "4.27" }
2026-01-15 12:07:40 - selenium.webdriver.common.selenium_manager - DEBUG - chromedriver not found in PATH
2026-01-15 12:07:40 - selenium.webdriver.common.selenium_manager - DEBUG - chrome detected at C:\Program Files\Google\Chrome\Application\chrome.exe
2026-01-15 12:07:40 - selenium.webdriver.common.selenium_manager - DEBUG - Running command: wmic datafile where name='C:\\Program Files\\Google\\Chrome\\Application\\chrome.exe' get Version /value
2026-01-15 12:07:40 - selenium.webdriver.common.selenium_manager - DEBUG - Output: "\r\r\n\r\r\nVersion=143.0.7499.193\r\r\n\r\r\n\r\r\n\r"
2026-01-15 12:07:40 - selenium.webdriver.common.selenium_manager - DEBUG - Detected browser: chrome 143.0.7499.193
2026-01-15 12:07:40 - selenium.webdriver.common.selenium_manager - DEBUG - Discovering versions from https://googlechromelabs.github.io/chrome-for-testing/known-good-versions-with-downloads.json
2026-01-15 12:07:40 - selenium.webdriver.common.selenium_manager - DEBUG - Required driver: chromedriver 143.0.7499.192
2026-01-15 12:07:40 - selenium.webdriver.common.selenium_manager - DEBUG - chromedriver 143.0.7499.192 already in the cache
2026-01-15 12:07:40 - selenium.webdriver.common.selenium_manager - DEBUG - Driver path: C:\Users\Mark Castro\.cache\selenium\chromedriver\win64\143.0.7499.192\chromedriver.exe
2026-01-15 12:07:40 - selenium.webdriver.common.selenium_manager - DEBUG - Browser path: C:\Program Files\Google\Chrome\Application\chrome.exe
2026-01-15 12:07:40 - selenium.webdriver.common.service - DEBUG - Started executable: `C:\Users\Mark Castro\.cache\selenium\chromedriver\win64\143.0.7499.192\chromedriver.exe` in a child process with pid: 45496 using 0 to output -3
2026-01-15 12:07:41 - selenium.webdriver.remote.remote_connection - DEBUG - POST http://localhost:54767/session {'capabilities': {'firstMatch': [{}], 'alwaysMatch': {'browserName': 'chrome', 'pageLoadStrategy': <PageLoadStrategy.normal: 'normal'>, 'browserVersion': None, 'goog:chromeOptions': {'extensions': [], 'binary': 'C:\\Program Files\\Google\\Chrome\\Application\\chrome.exe', 'args': ['--headless', '--disable-gpu', '--no-sandbox', '--disable-dev-shm-usage', '--window-size=1920,1080', '--user-agent=Mozilla/5.0 (Windows NT 10.0; Win64; x64) AppleWebKit/537.36']}}}}
2026-01-15 12:07:41 - urllib3.connectionpool - DEBUG - Starting new HTTP connection (1): localhost:54767
2026-01-15 12:07:42 - urllib3.connectionpool - DEBUG - http://localhost:54767 "POST /session HTTP/1.1" 200 0
2026-01-15 12:07:42 - selenium.webdriver.remote.remote_connection - DEBUG - Remote response: status=200 | data={"value":{"capabilities":{"acceptInsecureCerts":false,"browserName":"chrome","browserVersion":"143.0.7499.193","chrome":{"chromedriverVersion":"143.0.7499.192 (be2c1f4fd451578a9ada68a0ac12d659362b44bf-refs/branch-heads/7499@{#4083})","userDataDir":"C:\\Users\\MARKCA~1\\AppData\\Local\\Temp\\scoped_dir45496_1005613880"},"fedcm:accounts":true,"goog:chromeOptions":{"debuggerAddress":"localhost:54774"},"goog:processID":7432,"networkConnectionEnabled":false,"pageLoadStrategy":"normal","platformName":"windows","proxy":{},"setWindowRect":true,"strictFileInteractability":false,"timeouts":{"implicit":0,"pageLoad":300000,"script":30000},"unhandledPromptBehavior":"dismiss and notify","webauthn:extension:credBlob":true,"webauthn:extension:largeBlob":true,"webauthn:extension:minPinLength":true,"webauthn:extension:prf":true,"webauthn:virtualAuthenticators":true},"sessionId":"cdaceca262e764d86466dc14393d6565"}} | headers=HTTPHeaderDict({'Content-Length': '909', 'Content-Type': 'application/json; charset=utf-8', 'cache-control': 'no-cache'})
2026-01-15 12:07:42 - selenium.webdriver.remote.remote_connection - DEBUG - Finished Request
2026-01-15 12:07:42 - selenium.webdriver.remote.remote_connection - DEBUG - POST http://localhost:54767/session/cdaceca262e764d86466dc14393d6565/timeouts {'pageLoad': 20000}
2026-01-15 12:07:42 - urllib3.connectionpool - DEBUG - http://localhost:54767 "POST /session/cdaceca262e764d86466dc14393d6565/timeouts HTTP/1.1" 200 0
2026-01-15 12:07:42 - selenium.webdriver.remote.remote_connection - DEBUG - Remote response: status=200 | data={"value":null} | headers=HTTPHeaderDict({'Content-Length': '14', 'Content-Type': 'application/json; charset=utf-8', 'cache-control': 'no-cache'})
2026-01-15 12:07:42 - selenium.webdriver.remote.remote_connection - DEBUG - Finished Request
2026-01-15 12:07:42 - scraper - INFO - Chrome driver initialized
2026-01-15 12:07:42 - scraper - INFO - 
======================================================================
2026-01-15 12:07:42 - scraper - INFO - Scraping JNK: https://www.ssga.com/us/en/intermediary/etfs/spdr-bloomberg-high-yield-bond-etf-jnk
2026-01-15 12:07:42 - scraper - INFO - ======================================================================
2026-01-15 12:07:42 - scraper - INFO - Navigating to https://www.ssga.com/us/en/intermediary/etfs/spdr-bloomberg-high-yield-bond-etf-jnk
2026-01-15 12:07:42 - selenium.webdriver.remote.remote_connection - DEBUG - POST http://localhost:54767/session/cdaceca262e764d86466dc14393d6565/url {'url': 'https://www.ssga.com/us/en/intermediary/etfs/spdr-bloomberg-high-yield-bond-etf-jnk'}
2026-01-15 12:07:47 - urllib3.connectionpool - DEBUG - http://localhost:54767 "POST /session/cdaceca262e764d86466dc14393d6565/url HTTP/1.1" 200 0
2026-01-15 12:07:47 - selenium.webdriver.remote.remote_connection - DEBUG - Remote response: status=200 | data={"value":null} | headers=HTTPHeaderDict({'Content-Length': '14', 'Content-Type': 'application/json; charset=utf-8', 'cache-control': 'no-cache'})
2026-01-15 12:07:47 - selenium.webdriver.remote.remote_connection - DEBUG - Finished Request
2026-01-15 12:07:50 - scraper - INFO - Page loaded successfully
2026-01-15 12:07:50 - scraper - INFO - Checking for cookie modal...
2026-01-15 12:07:50 - selenium.webdriver.remote.remote_connection - DEBUG - POST http://localhost:54767/session/cdaceca262e764d86466dc14393d6565/element {'using': 'css selector', 'value': 'div#ssmp-self-identifier-modal'}
2026-01-15 12:07:50 - urllib3.connectionpool - DEBUG - http://localhost:54767 "POST /session/cdaceca262e764d86466dc14393d6565/element HTTP/1.1" 200 0
2026-01-15 12:07:50 - selenium.webdriver.remote.remote_connection - DEBUG - Remote response: status=200 | data={"value":{"element-6066-11e4-a52e-4f735466cecf":"f.21695B1701B119E73F918E84B99BF8A8.d.A31F281E37D1DBE6577767C64A9ADCC0.e.22"}} | headers=HTTPHeaderDict({'Content-Length': '126', 'Content-Type': 'application/json; charset=utf-8', 'cache-control': 'no-cache'})
2026-01-15 12:07:50 - selenium.webdriver.remote.remote_connection - DEBUG - Finished Request
2026-01-15 12:07:50 - scraper - INFO - Cookie modal detected
2026-01-15 12:07:50 - selenium.webdriver.remote.remote_connection - DEBUG - POST http://localhost:54767/session/cdaceca262e764d86466dc14393d6565/element {'using': 'css selector', 'value': 'button#js-ssmp-clrButtonLabel'}
2026-01-15 12:07:50 - urllib3.connectionpool - DEBUG - http://localhost:54767 "POST /session/cdaceca262e764d86466dc14393d6565/element HTTP/1.1" 200 0
2026-01-15 12:07:50 - selenium.webdriver.remote.remote_connection - DEBUG - Remote response: status=200 | data={"value":{"element-6066-11e4-a52e-4f735466cecf":"f.21695B1701B119E73F918E84B99BF8A8.d.A31F281E37D1DBE6577767C64A9ADCC0.e.32"}} | headers=HTTPHeaderDict({'Content-Length': '126', 'Content-Type': 'application/json; charset=utf-8', 'cache-control': 'no-cache'})
2026-01-15 12:07:50 - selenium.webdriver.remote.remote_connection - DEBUG - Finished Request
2026-01-15 12:07:50 - selenium.webdriver.remote.remote_connection - DEBUG - POST http://localhost:54767/session/cdaceca262e764d86466dc14393d6565/element/f.21695B1701B119E73F918E84B99BF8A8.d.A31F281E37D1DBE6577767C64A9ADCC0.e.32/click {}
2026-01-15 12:07:52 - urllib3.connectionpool - DEBUG - http://localhost:54767 "POST /session/cdaceca262e764d86466dc14393d6565/element/f.21695B1701B119E73F918E84B99BF8A8.d.A31F281E37D1DBE6577767C64A9ADCC0.e.32/click HTTP/1.1" 200 0
2026-01-15 12:07:52 - selenium.webdriver.remote.remote_connection - DEBUG - Remote response: status=200 | data={"value":null} | headers=HTTPHeaderDict({'Content-Length': '14', 'Content-Type': 'application/json; charset=utf-8', 'cache-control': 'no-cache'})
2026-01-15 12:07:52 - selenium.webdriver.remote.remote_connection - DEBUG - Finished Request
2026-01-15 12:07:52 - scraper - INFO - Clicked 'Accept and Save Cookies' button
2026-01-15 12:07:54 - scraper - INFO - Scrolling to Fund Characteristics section...
2026-01-15 12:07:54 - selenium.webdriver.remote.remote_connection - DEBUG - POST http://localhost:54767/session/cdaceca262e764d86466dc14393d6565/elements {'using': 'css selector', 'value': 'div.keyvalue.fundcomps'}
2026-01-15 12:08:06 - urllib3.connectionpool - DEBUG - http://localhost:54767 "POST /session/cdaceca262e764d86466dc14393d6565/elements HTTP/1.1" 200 0
2026-01-15 12:08:06 - selenium.webdriver.remote.remote_connection - DEBUG - Remote response: status=200 | data={"value":[{"element-6066-11e4-a52e-4f735466cecf":"f.21695B1701B119E73F918E84B99BF8A8.d.283ABAC7EB8011FCCA84C78524D1AC52.e.82"},{"element-6066-11e4-a52e-4f735466cecf":"f.21695B1701B119E73F918E84B99BF8A8.d.283ABAC7EB8011FCCA84C78524D1AC52.e.83"},{"element-6066-11e4-a52e-4f735466cecf":"f.21695B1701B119E73F918E84B99BF8A8.d.283ABAC7EB8011FCCA84C78524D1AC52.e.84"},{"element-6066-11e4-a52e-4f735466cecf":"f.21695B1701B119E73F918E84B99BF8A8.d.283ABAC7EB8011FCCA84C78524D1AC52.e.85"},{"element-6066-11e4-a52e-4f735466cecf":"f.21695B1701B119E73F918E84B99BF8A8.d.283ABAC7EB8011FCCA84C78524D1AC52.e.86"},{"element-6066-11e4-a52e-4f735466cecf":"f.21695B1701B119E73F918E84B99BF8A8.d.283ABAC7EB8011FCCA84C78524D1AC52.e.87"},{"element-6066-11e4-a52e-4f735466cecf":"f.21695B1701B119E73F918E84B99BF8A8.d.283ABAC7EB8011FCCA84C78524D1AC52.e.88"},{"element-6066-11e4-a52e-4f735466cecf":"f.21695B1701B119E73F918E84B99BF8A8.d.283ABAC7EB8011FCCA84C78524D1AC52.e.89"},{"element-6066-11e4-a52e-4f735466cecf":"f.21695B1701B119E73F918E84B99BF8A8.d.283ABAC7EB8011FCCA84C78524D1AC52.e.90"}]} | headers=HTTPHeaderDict({'Content-Length': '1064', 'Content-Type': 'application/json; charset=utf-8', 'cache-control': 'no-cache'})
2026-01-15 12:08:06 - selenium.webdriver.remote.remote_connection - DEBUG - Finished Request
2026-01-15 12:08:06 - selenium.webdriver.remote.remote_connection - DEBUG - POST http://localhost:54767/session/cdaceca262e764d86466dc14393d6565/element/f.21695B1701B119E73F918E84B99BF8A8.d.283ABAC7EB8011FCCA84C78524D1AC52.e.82/element {'using': 'css selector', 'value': 'h2.comp-title'}
2026-01-15 12:08:06 - urllib3.connectionpool - DEBUG - http://localhost:54767 "POST /session/cdaceca262e764d86466dc14393d6565/element/f.21695B1701B119E73F918E84B99BF8A8.d.283ABAC7EB8011FCCA84C78524D1AC52.e.82/element HTTP/1.1" 200 0
2026-01-15 12:08:06 - selenium.webdriver.remote.remote_connection - DEBUG - Remote response: status=200 | data={"value":{"element-6066-11e4-a52e-4f735466cecf":"f.21695B1701B119E73F918E84B99BF8A8.d.283ABAC7EB8011FCCA84C78524D1AC52.e.91"}} | headers=HTTPHeaderDict({'Content-Length': '126', 'Content-Type': 'application/json; charset=utf-8', 'cache-control': 'no-cache'})
2026-01-15 12:08:06 - selenium.webdriver.remote.remote_connection - DEBUG - Finished Request
2026-01-15 12:08:06 - selenium.webdriver.remote.remote_connection - DEBUG - GET http://localhost:54767/session/cdaceca262e764d86466dc14393d6565/element/f.21695B1701B119E73F918E84B99BF8A8.d.283ABAC7EB8011FCCA84C78524D1AC52.e.91/text {}
2026-01-15 12:08:06 - urllib3.connectionpool - DEBUG - http://localhost:54767 "GET /session/cdaceca262e764d86466dc14393d6565/element/f.21695B1701B119E73F918E84B99BF8A8.d.283ABAC7EB8011FCCA84C78524D1AC52.e.91/text HTTP/1.1" 200 0
2026-01-15 12:08:06 - selenium.webdriver.remote.remote_connection - DEBUG - Remote response: status=200 | data={"value":"Fund Information as of Jan 15 2026"} | headers=HTTPHeaderDict({'Content-Length': '46', 'Content-Type': 'application/json; charset=utf-8', 'cache-control': 'no-cache'})
2026-01-15 12:08:06 - selenium.webdriver.remote.remote_connection - DEBUG - Finished Request
2026-01-15 12:08:06 - selenium.webdriver.remote.remote_connection - DEBUG - POST http://localhost:54767/session/cdaceca262e764d86466dc14393d6565/element/f.21695B1701B119E73F918E84B99BF8A8.d.283ABAC7EB8011FCCA84C78524D1AC52.e.83/element {'using': 'css selector', 'value': 'h2.comp-title'}
2026-01-15 12:08:06 - urllib3.connectionpool - DEBUG - http://localhost:54767 "POST /session/cdaceca262e764d86466dc14393d6565/element/f.21695B1701B119E73F918E84B99BF8A8.d.283ABAC7EB8011FCCA84C78524D1AC52.e.83/element HTTP/1.1" 200 0
2026-01-15 12:08:06 - selenium.webdriver.remote.remote_connection - DEBUG - Remote response: status=200 | data={"value":{"element-6066-11e4-a52e-4f735466cecf":"f.21695B1701B119E73F918E84B99BF8A8.d.283ABAC7EB8011FCCA84C78524D1AC52.e.92"}} | headers=HTTPHeaderDict({'Content-Length': '126', 'Content-Type': 'application/json; charset=utf-8', 'cache-control': 'no-cache'})
2026-01-15 12:08:06 - selenium.webdriver.remote.remote_connection - DEBUG - Finished Request
2026-01-15 12:08:06 - selenium.webdriver.remote.remote_connection - DEBUG - GET http://localhost:54767/session/cdaceca262e764d86466dc14393d6565/element/f.21695B1701B119E73F918E84B99BF8A8.d.283ABAC7EB8011FCCA84C78524D1AC52.e.92/text {}
2026-01-15 12:08:06 - urllib3.connectionpool - DEBUG - http://localhost:54767 "GET /session/cdaceca262e764d86466dc14393d6565/element/f.21695B1701B119E73F918E84B99BF8A8.d.283ABAC7EB8011FCCA84C78524D1AC52.e.92/text HTTP/1.1" 200 0
2026-01-15 12:08:06 - selenium.webdriver.remote.remote_connection - DEBUG - Remote response: status=200 | data={"value":"Fund Characteristics as of Jan 13 2026"} | headers=HTTPHeaderDict({'Content-Length': '50', 'Content-Type': 'application/json; charset=utf-8', 'cache-control': 'no-cache'})
2026-01-15 12:08:06 - selenium.webdriver.remote.remote_connection - DEBUG - Finished Request
2026-01-15 12:08:06 - selenium.webdriver.remote.remote_connection - DEBUG - POST http://localhost:54767/session/cdaceca262e764d86466dc14393d6565/execute/sync {'script': "arguments[0].scrollIntoView({behavior: 'smooth', block: 'center'});", 'args': [{'element-6066-11e4-a52e-4f735466cecf': 'f.21695B1701B119E73F918E84B99BF8A8.d.283ABAC7EB8011FCCA84C78524D1AC52.e.83'}]}
2026-01-15 12:08:06 - urllib3.connectionpool - DEBUG - http://localhost:54767 "POST /session/cdaceca262e764d86466dc14393d6565/execute/sync HTTP/1.1" 200 0
2026-01-15 12:08:06 - selenium.webdriver.remote.remote_connection - DEBUG - Remote response: status=200 | data={"value":null} | headers=HTTPHeaderDict({'Content-Length': '14', 'Content-Type': 'application/json; charset=utf-8', 'cache-control': 'no-cache'})
2026-01-15 12:08:06 - selenium.webdriver.remote.remote_connection - DEBUG - Finished Request
2026-01-15 12:08:08 - scraper - INFO - Scrolled to Fund Characteristics section
2026-01-15 12:08:08 - scraper - INFO - Extracting fund data for JNK...
2026-01-15 12:08:08 - selenium.webdriver.remote.remote_connection - DEBUG - POST http://localhost:54767/session/cdaceca262e764d86466dc14393d6565/elements {'using': 'css selector', 'value': 'div.keyvalue.fundcomps'}
2026-01-15 12:08:08 - urllib3.connectionpool - DEBUG - http://localhost:54767 "POST /session/cdaceca262e764d86466dc14393d6565/elements HTTP/1.1" 200 0
2026-01-15 12:08:08 - selenium.webdriver.remote.remote_connection - DEBUG - Remote response: status=200 | data={"value":[{"element-6066-11e4-a52e-4f735466cecf":"f.21695B1701B119E73F918E84B99BF8A8.d.283ABAC7EB8011FCCA84C78524D1AC52.e.82"},{"element-6066-11e4-a52e-4f735466cecf":"f.21695B1701B119E73F918E84B99BF8A8.d.283ABAC7EB8011FCCA84C78524D1AC52.e.83"},{"element-6066-11e4-a52e-4f735466cecf":"f.21695B1701B119E73F918E84B99BF8A8.d.283ABAC7EB8011FCCA84C78524D1AC52.e.84"},{"element-6066-11e4-a52e-4f735466cecf":"f.21695B1701B119E73F918E84B99BF8A8.d.283ABAC7EB8011FCCA84C78524D1AC52.e.85"},{"element-6066-11e4-a52e-4f735466cecf":"f.21695B1701B119E73F918E84B99BF8A8.d.283ABAC7EB8011FCCA84C78524D1AC52.e.86"},{"element-6066-11e4-a52e-4f735466cecf":"f.21695B1701B119E73F918E84B99BF8A8.d.283ABAC7EB8011FCCA84C78524D1AC52.e.87"},{"element-6066-11e4-a52e-4f735466cecf":"f.21695B1701B119E73F918E84B99BF8A8.d.283ABAC7EB8011FCCA84C78524D1AC52.e.88"},{"element-6066-11e4-a52e-4f735466cecf":"f.21695B1701B119E73F918E84B99BF8A8.d.283ABAC7EB8011FCCA84C78524D1AC52.e.89"},{"element-6066-11e4-a52e-4f735466cecf":"f.21695B1701B119E73F918E84B99BF8A8.d.283ABAC7EB8011FCCA84C78524D1AC52.e.90"}]} | headers=HTTPHeaderDict({'Content-Length': '1064', 'Content-Type': 'application/json; charset=utf-8', 'cache-control': 'no-cache'})
2026-01-15 12:08:08 - selenium.webdriver.remote.remote_connection - DEBUG - Finished Request
2026-01-15 12:08:08 - selenium.webdriver.remote.remote_connection - DEBUG - POST http://localhost:54767/session/cdaceca262e764d86466dc14393d6565/element/f.21695B1701B119E73F918E84B99BF8A8.d.283ABAC7EB8011FCCA84C78524D1AC52.e.82/element {'using': 'css selector', 'value': 'h2.comp-title'}
2026-01-15 12:08:08 - urllib3.connectionpool - DEBUG - http://localhost:54767 "POST /session/cdaceca262e764d86466dc14393d6565/element/f.21695B1701B119E73F918E84B99BF8A8.d.283ABAC7EB8011FCCA84C78524D1AC52.e.82/element HTTP/1.1" 200 0
2026-01-15 12:08:08 - selenium.webdriver.remote.remote_connection - DEBUG - Remote response: status=200 | data={"value":{"element-6066-11e4-a52e-4f735466cecf":"f.21695B1701B119E73F918E84B99BF8A8.d.283ABAC7EB8011FCCA84C78524D1AC52.e.91"}} | headers=HTTPHeaderDict({'Content-Length': '126', 'Content-Type': 'application/json; charset=utf-8', 'cache-control': 'no-cache'})
2026-01-15 12:08:08 - selenium.webdriver.remote.remote_connection - DEBUG - Finished Request
2026-01-15 12:08:08 - selenium.webdriver.remote.remote_connection - DEBUG - GET http://localhost:54767/session/cdaceca262e764d86466dc14393d6565/element/f.21695B1701B119E73F918E84B99BF8A8.d.283ABAC7EB8011FCCA84C78524D1AC52.e.91/text {}
2026-01-15 12:08:09 - urllib3.connectionpool - DEBUG - http://localhost:54767 "GET /session/cdaceca262e764d86466dc14393d6565/element/f.21695B1701B119E73F918E84B99BF8A8.d.283ABAC7EB8011FCCA84C78524D1AC52.e.91/text HTTP/1.1" 200 0
2026-01-15 12:08:09 - selenium.webdriver.remote.remote_connection - DEBUG - Remote response: status=200 | data={"value":"Fund Information as of Jan 15 2026"} | headers=HTTPHeaderDict({'Content-Length': '46', 'Content-Type': 'application/json; charset=utf-8', 'cache-control': 'no-cache'})
2026-01-15 12:08:09 - selenium.webdriver.remote.remote_connection - DEBUG - Finished Request
2026-01-15 12:08:09 - selenium.webdriver.remote.remote_connection - DEBUG - POST http://localhost:54767/session/cdaceca262e764d86466dc14393d6565/element/f.21695B1701B119E73F918E84B99BF8A8.d.283ABAC7EB8011FCCA84C78524D1AC52.e.83/element {'using': 'css selector', 'value': 'h2.comp-title'}
2026-01-15 12:08:09 - urllib3.connectionpool - DEBUG - http://localhost:54767 "POST /session/cdaceca262e764d86466dc14393d6565/element/f.21695B1701B119E73F918E84B99BF8A8.d.283ABAC7EB8011FCCA84C78524D1AC52.e.83/element HTTP/1.1" 200 0
2026-01-15 12:08:09 - selenium.webdriver.remote.remote_connection - DEBUG - Remote response: status=200 | data={"value":{"element-6066-11e4-a52e-4f735466cecf":"f.21695B1701B119E73F918E84B99BF8A8.d.283ABAC7EB8011FCCA84C78524D1AC52.e.92"}} | headers=HTTPHeaderDict({'Content-Length': '126', 'Content-Type': 'application/json; charset=utf-8', 'cache-control': 'no-cache'})
2026-01-15 12:08:09 - selenium.webdriver.remote.remote_connection - DEBUG - Finished Request
2026-01-15 12:08:09 - selenium.webdriver.remote.remote_connection - DEBUG - GET http://localhost:54767/session/cdaceca262e764d86466dc14393d6565/element/f.21695B1701B119E73F918E84B99BF8A8.d.283ABAC7EB8011FCCA84C78524D1AC52.e.92/text {}
2026-01-15 12:08:09 - urllib3.connectionpool - DEBUG - http://localhost:54767 "GET /session/cdaceca262e764d86466dc14393d6565/element/f.21695B1701B119E73F918E84B99BF8A8.d.283ABAC7EB8011FCCA84C78524D1AC52.e.92/text HTTP/1.1" 200 0
2026-01-15 12:08:09 - selenium.webdriver.remote.remote_connection - DEBUG - Remote response: status=200 | data={"value":"Fund Characteristics as of Jan 13 2026"} | headers=HTTPHeaderDict({'Content-Length': '50', 'Content-Type': 'application/json; charset=utf-8', 'cache-control': 'no-cache'})
2026-01-15 12:08:09 - selenium.webdriver.remote.remote_connection - DEBUG - Finished Request
2026-01-15 12:08:09 - selenium.webdriver.remote.remote_connection - DEBUG - POST http://localhost:54767/session/cdaceca262e764d86466dc14393d6565/element/f.21695B1701B119E73F918E84B99BF8A8.d.283ABAC7EB8011FCCA84C78524D1AC52.e.92/element {'using': 'css selector', 'value': 'span.date'}
2026-01-15 12:08:09 - urllib3.connectionpool - DEBUG - http://localhost:54767 "POST /session/cdaceca262e764d86466dc14393d6565/element/f.21695B1701B119E73F918E84B99BF8A8.d.283ABAC7EB8011FCCA84C78524D1AC52.e.92/element HTTP/1.1" 200 0
2026-01-15 12:08:09 - selenium.webdriver.remote.remote_connection - DEBUG - Remote response: status=200 | data={"value":{"element-6066-11e4-a52e-4f735466cecf":"f.21695B1701B119E73F918E84B99BF8A8.d.283ABAC7EB8011FCCA84C78524D1AC52.e.98"}} | headers=HTTPHeaderDict({'Content-Length': '126', 'Content-Type': 'application/json; charset=utf-8', 'cache-control': 'no-cache'})
2026-01-15 12:08:09 - selenium.webdriver.remote.remote_connection - DEBUG - Finished Request
2026-01-15 12:08:09 - selenium.webdriver.remote.remote_connection - DEBUG - GET http://localhost:54767/session/cdaceca262e764d86466dc14393d6565/element/f.21695B1701B119E73F918E84B99BF8A8.d.283ABAC7EB8011FCCA84C78524D1AC52.e.98/text {}
2026-01-15 12:08:09 - urllib3.connectionpool - DEBUG - http://localhost:54767 "GET /session/cdaceca262e764d86466dc14393d6565/element/f.21695B1701B119E73F918E84B99BF8A8.d.283ABAC7EB8011FCCA84C78524D1AC52.e.98/text HTTP/1.1" 200 0
2026-01-15 12:08:09 - selenium.webdriver.remote.remote_connection - DEBUG - Remote response: status=200 | data={"value":"as of Jan 13 2026"} | headers=HTTPHeaderDict({'Content-Length': '29', 'Content-Type': 'application/json; charset=utf-8', 'cache-control': 'no-cache'})
2026-01-15 12:08:09 - selenium.webdriver.remote.remote_connection - DEBUG - Finished Request
2026-01-15 12:08:09 - scraper - INFO - Found date: Jan 13 2026
2026-01-15 12:08:09 - selenium.webdriver.remote.remote_connection - DEBUG - POST http://localhost:54767/session/cdaceca262e764d86466dc14393d6565/element/f.21695B1701B119E73F918E84B99BF8A8.d.283ABAC7EB8011FCCA84C78524D1AC52.e.83/element {'using': 'css selector', 'value': 'table.tb-keyvalue'}
2026-01-15 12:08:09 - urllib3.connectionpool - DEBUG - http://localhost:54767 "POST /session/cdaceca262e764d86466dc14393d6565/element/f.21695B1701B119E73F918E84B99BF8A8.d.283ABAC7EB8011FCCA84C78524D1AC52.e.83/element HTTP/1.1" 200 0
2026-01-15 12:08:09 - selenium.webdriver.remote.remote_connection - DEBUG - Remote response: status=200 | data={"value":{"element-6066-11e4-a52e-4f735466cecf":"f.21695B1701B119E73F918E84B99BF8A8.d.283ABAC7EB8011FCCA84C78524D1AC52.e.99"}} | headers=HTTPHeaderDict({'Content-Length': '126', 'Content-Type': 'application/json; charset=utf-8', 'cache-control': 'no-cache'})
2026-01-15 12:08:09 - selenium.webdriver.remote.remote_connection - DEBUG - Finished Request
2026-01-15 12:08:09 - selenium.webdriver.remote.remote_connection - DEBUG - POST http://localhost:54767/session/cdaceca262e764d86466dc14393d6565/element/f.21695B1701B119E73F918E84B99BF8A8.d.283ABAC7EB8011FCCA84C78524D1AC52.e.99/elements {'using': 'css selector', 'value': 'tr'}
2026-01-15 12:08:09 - urllib3.connectionpool - DEBUG - http://localhost:54767 "POST /session/cdaceca262e764d86466dc14393d6565/element/f.21695B1701B119E73F918E84B99BF8A8.d.283ABAC7EB8011FCCA84C78524D1AC52.e.99/elements HTTP/1.1" 200 0
2026-01-15 12:08:09 - selenium.webdriver.remote.remote_connection - DEBUG - Remote response: status=200 | data={"value":[{"element-6066-11e4-a52e-4f735466cecf":"f.21695B1701B119E73F918E84B99BF8A8.d.283ABAC7EB8011FCCA84C78524D1AC52.e.100"},{"element-6066-11e4-a52e-4f735466cecf":"f.21695B1701B119E73F918E84B99BF8A8.d.283ABAC7EB8011FCCA84C78524D1AC52.e.101"},{"element-6066-11e4-a52e-4f735466cecf":"f.21695B1701B119E73F918E84B99BF8A8.d.283ABAC7EB8011FCCA84C78524D1AC52.e.102"},{"element-6066-11e4-a52e-4f735466cecf":"f.21695B1701B119E73F918E84B99BF8A8.d.283ABAC7EB8011FCCA84C78524D1AC52.e.103"},{"element-6066-11e4-a52e-4f735466cecf":"f.21695B1701B119E73F918E84B99BF8A8.d.283ABAC7EB8011FCCA84C78524D1AC52.e.104"},{"element-6066-11e4-a52e-4f735466cecf":"f.21695B1701B119E73F918E84B99BF8A8.d.283ABAC7EB8011FCCA84C78524D1AC52.e.105"},{"element-6066-11e4-a52e-4f735466cecf":"f.21695B1701B119E73F918E84B99BF8A8.d.283ABAC7EB8011FCCA84C78524D1AC52.e.106"},{"element-6066-11e4-a52e-4f735466cecf":"f.21695B1701B119E73F918E84B99BF8A8.d.283ABAC7EB8011FCCA84C78524D1AC52.e.107"}]} | headers=HTTPHeaderDict({'Content-Length': '955', 'Content-Type': 'application/json; charset=utf-8', 'cache-control': 'no-cache'})
2026-01-15 12:08:09 - selenium.webdriver.remote.remote_connection - DEBUG - Finished Request
2026-01-15 12:08:09 - selenium.webdriver.remote.remote_connection - DEBUG - POST http://localhost:54767/session/cdaceca262e764d86466dc14393d6565/element/f.21695B1701B119E73F918E84B99BF8A8.d.283ABAC7EB8011FCCA84C78524D1AC52.e.100/element {'using': 'css selector', 'value': 'td.label'}
2026-01-15 12:08:09 - urllib3.connectionpool - DEBUG - http://localhost:54767 "POST /session/cdaceca262e764d86466dc14393d6565/element/f.21695B1701B119E73F918E84B99BF8A8.d.283ABAC7EB8011FCCA84C78524D1AC52.e.100/element HTTP/1.1" 200 0
2026-01-15 12:08:09 - selenium.webdriver.remote.remote_connection - DEBUG - Remote response: status=200 | data={"value":{"element-6066-11e4-a52e-4f735466cecf":"f.21695B1701B119E73F918E84B99BF8A8.d.283ABAC7EB8011FCCA84C78524D1AC52.e.108"}} | headers=HTTPHeaderDict({'Content-Length': '127', 'Content-Type': 'application/json; charset=utf-8', 'cache-control': 'no-cache'})
2026-01-15 12:08:09 - selenium.webdriver.remote.remote_connection - DEBUG - Finished Request
2026-01-15 12:08:09 - selenium.webdriver.remote.remote_connection - DEBUG - GET http://localhost:54767/session/cdaceca262e764d86466dc14393d6565/element/f.21695B1701B119E73F918E84B99BF8A8.d.283ABAC7EB8011FCCA84C78524D1AC52.e.108/text {}
2026-01-15 12:08:09 - urllib3.connectionpool - DEBUG - http://localhost:54767 "GET /session/cdaceca262e764d86466dc14393d6565/element/f.21695B1701B119E73F918E84B99BF8A8.d.283ABAC7EB8011FCCA84C78524D1AC52.e.108/text HTTP/1.1" 200 0
2026-01-15 12:08:09 - selenium.webdriver.remote.remote_connection - DEBUG - Remote response: status=200 | data={"value":"Number of Holdings"} | headers=HTTPHeaderDict({'Content-Length': '30', 'Content-Type': 'application/json; charset=utf-8', 'cache-control': 'no-cache'})
2026-01-15 12:08:09 - selenium.webdriver.remote.remote_connection - DEBUG - Finished Request
2026-01-15 12:08:09 - selenium.webdriver.remote.remote_connection - DEBUG - POST http://localhost:54767/session/cdaceca262e764d86466dc14393d6565/element/f.21695B1701B119E73F918E84B99BF8A8.d.283ABAC7EB8011FCCA84C78524D1AC52.e.101/element {'using': 'css selector', 'value': 'td.label'}
2026-01-15 12:08:09 - urllib3.connectionpool - DEBUG - http://localhost:54767 "POST /session/cdaceca262e764d86466dc14393d6565/element/f.21695B1701B119E73F918E84B99BF8A8.d.283ABAC7EB8011FCCA84C78524D1AC52.e.101/element HTTP/1.1" 200 0
2026-01-15 12:08:09 - selenium.webdriver.remote.remote_connection - DEBUG - Remote response: status=200 | data={"value":{"element-6066-11e4-a52e-4f735466cecf":"f.21695B1701B119E73F918E84B99BF8A8.d.283ABAC7EB8011FCCA84C78524D1AC52.e.109"}} | headers=HTTPHeaderDict({'Content-Length': '127', 'Content-Type': 'application/json; charset=utf-8', 'cache-control': 'no-cache'})
2026-01-15 12:08:09 - selenium.webdriver.remote.remote_connection - DEBUG - Finished Request
2026-01-15 12:08:09 - selenium.webdriver.remote.remote_connection - DEBUG - GET http://localhost:54767/session/cdaceca262e764d86466dc14393d6565/element/f.21695B1701B119E73F918E84B99BF8A8.d.283ABAC7EB8011FCCA84C78524D1AC52.e.109/text {}
2026-01-15 12:08:09 - urllib3.connectionpool - DEBUG - http://localhost:54767 "GET /session/cdaceca262e764d86466dc14393d6565/element/f.21695B1701B119E73F918E84B99BF8A8.d.283ABAC7EB8011FCCA84C78524D1AC52.e.109/text HTTP/1.1" 200 0
2026-01-15 12:08:09 - selenium.webdriver.remote.remote_connection - DEBUG - Remote response: status=200 | data={"value":"Average Coupon"} | headers=HTTPHeaderDict({'Content-Length': '26', 'Content-Type': 'application/json; charset=utf-8', 'cache-control': 'no-cache'})
2026-01-15 12:08:09 - selenium.webdriver.remote.remote_connection - DEBUG - Finished Request
2026-01-15 12:08:09 - selenium.webdriver.remote.remote_connection - DEBUG - POST http://localhost:54767/session/cdaceca262e764d86466dc14393d6565/element/f.21695B1701B119E73F918E84B99BF8A8.d.283ABAC7EB8011FCCA84C78524D1AC52.e.102/element {'using': 'css selector', 'value': 'td.label'}
2026-01-15 12:08:09 - urllib3.connectionpool - DEBUG - http://localhost:54767 "POST /session/cdaceca262e764d86466dc14393d6565/element/f.21695B1701B119E73F918E84B99BF8A8.d.283ABAC7EB8011FCCA84C78524D1AC52.e.102/element HTTP/1.1" 200 0
2026-01-15 12:08:09 - selenium.webdriver.remote.remote_connection - DEBUG - Remote response: status=200 | data={"value":{"element-6066-11e4-a52e-4f735466cecf":"f.21695B1701B119E73F918E84B99BF8A8.d.283ABAC7EB8011FCCA84C78524D1AC52.e.110"}} | headers=HTTPHeaderDict({'Content-Length': '127', 'Content-Type': 'application/json; charset=utf-8', 'cache-control': 'no-cache'})
2026-01-15 12:08:09 - selenium.webdriver.remote.remote_connection - DEBUG - Finished Request
2026-01-15 12:08:09 - selenium.webdriver.remote.remote_connection - DEBUG - GET http://localhost:54767/session/cdaceca262e764d86466dc14393d6565/element/f.21695B1701B119E73F918E84B99BF8A8.d.283ABAC7EB8011FCCA84C78524D1AC52.e.110/text {}
2026-01-15 12:08:09 - urllib3.connectionpool - DEBUG - http://localhost:54767 "GET /session/cdaceca262e764d86466dc14393d6565/element/f.21695B1701B119E73F918E84B99BF8A8.d.283ABAC7EB8011FCCA84C78524D1AC52.e.110/text HTTP/1.1" 200 0
2026-01-15 12:08:09 - selenium.webdriver.remote.remote_connection - DEBUG - Remote response: status=200 | data={"value":"Average Maturity in Years"} | headers=HTTPHeaderDict({'Content-Length': '37', 'Content-Type': 'application/json; charset=utf-8', 'cache-control': 'no-cache'})
2026-01-15 12:08:09 - selenium.webdriver.remote.remote_connection - DEBUG - Finished Request
2026-01-15 12:08:09 - selenium.webdriver.remote.remote_connection - DEBUG - POST http://localhost:54767/session/cdaceca262e764d86466dc14393d6565/element/f.21695B1701B119E73F918E84B99BF8A8.d.283ABAC7EB8011FCCA84C78524D1AC52.e.103/element {'using': 'css selector', 'value': 'td.label'}
2026-01-15 12:08:09 - urllib3.connectionpool - DEBUG - http://localhost:54767 "POST /session/cdaceca262e764d86466dc14393d6565/element/f.21695B1701B119E73F918E84B99BF8A8.d.283ABAC7EB8011FCCA84C78524D1AC52.e.103/element HTTP/1.1" 200 0
2026-01-15 12:08:09 - selenium.webdriver.remote.remote_connection - DEBUG - Remote response: status=200 | data={"value":{"element-6066-11e4-a52e-4f735466cecf":"f.21695B1701B119E73F918E84B99BF8A8.d.283ABAC7EB8011FCCA84C78524D1AC52.e.111"}} | headers=HTTPHeaderDict({'Content-Length': '127', 'Content-Type': 'application/json; charset=utf-8', 'cache-control': 'no-cache'})
2026-01-15 12:08:09 - selenium.webdriver.remote.remote_connection - DEBUG - Finished Request
2026-01-15 12:08:09 - selenium.webdriver.remote.remote_connection - DEBUG - GET http://localhost:54767/session/cdaceca262e764d86466dc14393d6565/element/f.21695B1701B119E73F918E84B99BF8A8.d.283ABAC7EB8011FCCA84C78524D1AC52.e.111/text {}
2026-01-15 12:08:09 - urllib3.connectionpool - DEBUG - http://localhost:54767 "GET /session/cdaceca262e764d86466dc14393d6565/element/f.21695B1701B119E73F918E84B99BF8A8.d.283ABAC7EB8011FCCA84C78524D1AC52.e.111/text HTTP/1.1" 200 0
2026-01-15 12:08:09 - selenium.webdriver.remote.remote_connection - DEBUG - Remote response: status=200 | data={"value":"Average Price"} | headers=HTTPHeaderDict({'Content-Length': '25', 'Content-Type': 'application/json; charset=utf-8', 'cache-control': 'no-cache'})
2026-01-15 12:08:09 - selenium.webdriver.remote.remote_connection - DEBUG - Finished Request
2026-01-15 12:08:09 - selenium.webdriver.remote.remote_connection - DEBUG - POST http://localhost:54767/session/cdaceca262e764d86466dc14393d6565/element/f.21695B1701B119E73F918E84B99BF8A8.d.283ABAC7EB8011FCCA84C78524D1AC52.e.104/element {'using': 'css selector', 'value': 'td.label'}
2026-01-15 12:08:09 - urllib3.connectionpool - DEBUG - http://localhost:54767 "POST /session/cdaceca262e764d86466dc14393d6565/element/f.21695B1701B119E73F918E84B99BF8A8.d.283ABAC7EB8011FCCA84C78524D1AC52.e.104/element HTTP/1.1" 200 0
2026-01-15 12:08:09 - selenium.webdriver.remote.remote_connection - DEBUG - Remote response: status=200 | data={"value":{"element-6066-11e4-a52e-4f735466cecf":"f.21695B1701B119E73F918E84B99BF8A8.d.283ABAC7EB8011FCCA84C78524D1AC52.e.112"}} | headers=HTTPHeaderDict({'Content-Length': '127', 'Content-Type': 'application/json; charset=utf-8', 'cache-control': 'no-cache'})
2026-01-15 12:08:09 - selenium.webdriver.remote.remote_connection - DEBUG - Finished Request
2026-01-15 12:08:09 - selenium.webdriver.remote.remote_connection - DEBUG - GET http://localhost:54767/session/cdaceca262e764d86466dc14393d6565/element/f.21695B1701B119E73F918E84B99BF8A8.d.283ABAC7EB8011FCCA84C78524D1AC52.e.112/text {}
2026-01-15 12:08:09 - urllib3.connectionpool - DEBUG - http://localhost:54767 "GET /session/cdaceca262e764d86466dc14393d6565/element/f.21695B1701B119E73F918E84B99BF8A8.d.283ABAC7EB8011FCCA84C78524D1AC52.e.112/text HTTP/1.1" 200 0
2026-01-15 12:08:09 - selenium.webdriver.remote.remote_connection - DEBUG - Remote response: status=200 | data={"value":"Average Yield To Worst"} | headers=HTTPHeaderDict({'Content-Length': '34', 'Content-Type': 'application/json; charset=utf-8', 'cache-control': 'no-cache'})
2026-01-15 12:08:09 - selenium.webdriver.remote.remote_connection - DEBUG - Finished Request
2026-01-15 12:08:09 - selenium.webdriver.remote.remote_connection - DEBUG - POST http://localhost:54767/session/cdaceca262e764d86466dc14393d6565/element/f.21695B1701B119E73F918E84B99BF8A8.d.283ABAC7EB8011FCCA84C78524D1AC52.e.105/element {'using': 'css selector', 'value': 'td.label'}
2026-01-15 12:08:09 - urllib3.connectionpool - DEBUG - http://localhost:54767 "POST /session/cdaceca262e764d86466dc14393d6565/element/f.21695B1701B119E73F918E84B99BF8A8.d.283ABAC7EB8011FCCA84C78524D1AC52.e.105/element HTTP/1.1" 200 0
2026-01-15 12:08:09 - selenium.webdriver.remote.remote_connection - DEBUG - Remote response: status=200 | data={"value":{"element-6066-11e4-a52e-4f735466cecf":"f.21695B1701B119E73F918E84B99BF8A8.d.283ABAC7EB8011FCCA84C78524D1AC52.e.113"}} | headers=HTTPHeaderDict({'Content-Length': '127', 'Content-Type': 'application/json; charset=utf-8', 'cache-control': 'no-cache'})
2026-01-15 12:08:09 - selenium.webdriver.remote.remote_connection - DEBUG - Finished Request
2026-01-15 12:08:09 - selenium.webdriver.remote.remote_connection - DEBUG - GET http://localhost:54767/session/cdaceca262e764d86466dc14393d6565/element/f.21695B1701B119E73F918E84B99BF8A8.d.283ABAC7EB8011FCCA84C78524D1AC52.e.113/text {}
2026-01-15 12:08:09 - urllib3.connectionpool - DEBUG - http://localhost:54767 "GET /session/cdaceca262e764d86466dc14393d6565/element/f.21695B1701B119E73F918E84B99BF8A8.d.283ABAC7EB8011FCCA84C78524D1AC52.e.113/text HTTP/1.1" 200 0
2026-01-15 12:08:09 - selenium.webdriver.remote.remote_connection - DEBUG - Remote response: status=200 | data={"value":"Option Adjusted Duration"} | headers=HTTPHeaderDict({'Content-Length': '36', 'Content-Type': 'application/json; charset=utf-8', 'cache-control': 'no-cache'})
2026-01-15 12:08:09 - selenium.webdriver.remote.remote_connection - DEBUG - Finished Request
2026-01-15 12:08:09 - selenium.webdriver.remote.remote_connection - DEBUG - POST http://localhost:54767/session/cdaceca262e764d86466dc14393d6565/element/f.21695B1701B119E73F918E84B99BF8A8.d.283ABAC7EB8011FCCA84C78524D1AC52.e.105/element {'using': 'css selector', 'value': 'td.data'}
2026-01-15 12:08:09 - urllib3.connectionpool - DEBUG - http://localhost:54767 "POST /session/cdaceca262e764d86466dc14393d6565/element/f.21695B1701B119E73F918E84B99BF8A8.d.283ABAC7EB8011FCCA84C78524D1AC52.e.105/element HTTP/1.1" 200 0
2026-01-15 12:08:09 - selenium.webdriver.remote.remote_connection - DEBUG - Remote response: status=200 | data={"value":{"element-6066-11e4-a52e-4f735466cecf":"f.21695B1701B119E73F918E84B99BF8A8.d.283ABAC7EB8011FCCA84C78524D1AC52.e.114"}} | headers=HTTPHeaderDict({'Content-Length': '127', 'Content-Type': 'application/json; charset=utf-8', 'cache-control': 'no-cache'})
2026-01-15 12:08:09 - selenium.webdriver.remote.remote_connection - DEBUG - Finished Request
2026-01-15 12:08:09 - selenium.webdriver.remote.remote_connection - DEBUG - GET http://localhost:54767/session/cdaceca262e764d86466dc14393d6565/element/f.21695B1701B119E73F918E84B99BF8A8.d.283ABAC7EB8011FCCA84C78524D1AC52.e.114/text {}
2026-01-15 12:08:09 - urllib3.connectionpool - DEBUG - http://localhost:54767 "GET /session/cdaceca262e764d86466dc14393d6565/element/f.21695B1701B119E73F918E84B99BF8A8.d.283ABAC7EB8011FCCA84C78524D1AC52.e.114/text HTTP/1.1" 200 0
2026-01-15 12:08:09 - selenium.webdriver.remote.remote_connection - DEBUG - Remote response: status=200 | data={"value":"2.87 years"} | headers=HTTPHeaderDict({'Content-Length': '22', 'Content-Type': 'application/json; charset=utf-8', 'cache-control': 'no-cache'})
2026-01-15 12:08:09 - selenium.webdriver.remote.remote_connection - DEBUG - Finished Request
2026-01-15 12:08:09 - scraper - INFO - Found Option Adjusted Duration: 2.87 years
2026-01-15 12:08:10 - selenium.webdriver.remote.remote_connection - DEBUG - POST http://localhost:54767/session/cdaceca262e764d86466dc14393d6565/execute/sync {'script': '/* getAttribute */return (function(){return (function(){var d=this||self;function f(a,b){function c(...', 'args': [{'element-6066-11e4-a52e-4f735466cecf': 'f.21695B1701B119E73F918E84B99BF8A8.d.283ABAC7EB8011FCCA84C78524D1AC52.e.83'}, 'outerHTML']}
2026-01-15 12:08:10 - urllib3.connectionpool - DEBUG - http://localhost:54767 "POST /session/cdaceca262e764d86466dc14393d6565/execute/sync HTTP/1.1" 200 0
2026-01-15 12:08:10 - selenium.webdriver.remote.remote_connection - DEBUG - Remote response: status=200 | data={"value":"\u003Cdiv class=\"keyvalue fundcomps aem-GridColumn aem-GridColumn--default--12\">\n\n\n    \n    \n    \n    \u003Csection data-fundcomponent=\"true\">\n        \n            \u003Ch2 class=\"comp-title\">\n                Fund Characteristics\n                \n                \n                    \u003Cspan class=\"date\">as of Jan 13 2026\u003C/span>\n                \n                \u003Csvg class=\"ssmpsvg caret-down\" aria-hidden=\"true\">\u003Cuse xlink:href=\"#caret-down\">\u003C/use>\u003C/svg>\n            \u003C/h2>\n        \n        \n        \n\n        \u003Cdiv class=\"section-content\">\n            \n                \u003Ctable class=\"tb-keyvalue\">\n                    \u003Ctbody>\n                    \n                        \u003Ctr>\n                            \u003Ctd class=\"label\">\n                                Number of Holdings\n                            \u003C/td>\n                            \u003Ctd class=\"data\">1,226\u003C/td>\n                        \u003C/tr>\n                    \n                        \u003Ctr>\n                            \u003Ctd class=\"label\">\n                                Average Coupon\n    \u003Cspan class=\"info\" tabindex=\"0\">\n        \u003Csvg class=\"ssmpsvg icon_info\" aria-hidden=\"true\">\n            \u003Cuse xlink:href=\"#icon_info\">\u003C/use>\n        \u003C/svg>\n        \u003Cdiv class=\"info-data\">\n            \u003Cp>\u003Cstrong>﻿Average Coupon\u003C/strong>\u003C/p>\u003Cp>The market value weighted average coupon of the bonds in a portfolio.\u003C/p>\n        \u003C/div>\n    \u003C/span>\n\n                            \u003C/td>\n                            \u003Ctd class=\"data\">7.03%\u003C/td>\n                        \u003C/tr>\n                    \n                        \u003Ctr>\n                            \u003Ctd class=\"label\">\n                                Average Maturity in Years\n    \u003Cspan class=\"info\" tabindex=\"0\">\n        \u003Csvg class=\"ssmpsvg icon_info\" aria-hidden=\"true\">\n            \u003Cuse xlink:href=\"#icon_info\">\u003C/use>\n        \u003C/svg>\n        \u003Cdiv class=\"info-data\">\n            \u003Cp>\u003Cstrong>Average Maturity\u003C/strong>\u003C/p>\u003Cp>The market value-weighted average maturity of the bonds and loans in a portfolio, where maturity is the length of time during which the investor will receive interest payments on the investment. When the bond reaches maturity the principal is repaid.\u003C/p>\n        \u003C/div>\n    \u003C/span>\n\n                            \u003C/td>\n                            \u003Ctd class=\"data\">5.04\u003C/td>\n                        \u003C/tr>\n                    \n                        \u003Ctr>\n                            \u003Ctd class=\"label\">\n                                Average Price\n    \u003Cspan class=\"info\" tabindex=\"0\">\n        \u003Csvg class=\"ssmpsvg icon_info\" aria-hidden=\"true\">\n            \u003Cuse xlink:href=\"#icon_info\">\u003C/use>\n        \u003C/svg>\n        \u003Cdiv class=\"info-data\">\n            \u003Cp>\u003Cstrong>\u003C/strong>\u003Cstrong>Average Price\u003C/strong> The weighted average of each asset’s market price relative to its face value or par value.\u003C/p>\n        \u003C/div>\n    \u003C/span>\n\n                            \u003C/td>\n                            \u003Ctd class=\"data\">$100.81\u003C/td>\n                        \u003C/tr>\n                    \n                        \u003Ctr>\n                            \u003Ctd class=\"label\">\n                                Average Yield To Worst\n    \u003Cspan class=\"info\" tabindex=\"0\">\n        \u003Csvg class=\"ssmpsvg icon_info\" aria-hidden=\"true\">\n            \u003Cuse xlink:href=\"#icon_info\">\u003C/use>\n        \u003C/svg>\n        \u003Cdiv class=\"info-data\">\n            \u003Cp>\u003Cstrong>Average Yield To Worst\u003C/strong>\u003C/p>\u003Cp>The lowest potential yield that can be received on a bond without the issuer actually defaulting. The YTW is calculated by making worst-case scenario assumptions on the issue by calculating the return that would be received if the issuer uses provisions, including prepayments. When aggregating YTW for a portfolio level statistic, the weighted average of the YTW and market value for each security is used.\u003C/p>\n        \u003C/div>\n    \u003C/span>\n\n                            \u003C/td>\n                            \u003Ctd class=\"data\">6.69%\u003C/td>\n                        \u003C/tr>\n                    \n                        \u003Ctr>\n                            \u003Ctd class=\"label\">\n                                Option Adjusted Duration\n    \u003Cspan class=\"info\" tabindex=\"0\">\n        \u003Csvg class=\"ssmpsvg icon_info\" aria-hidden=\"true\">\n            \u003Cuse xlink:href=\"#icon_info\">\u003C/use>\n        \u003C/svg>\n        \u003Cdiv class=\"info-data\">\n            \u003Cp>\u003Cstrong>Option&nbsp;Adjusted\u003C/strong> \u003Cstrong>Duration\u003C/strong>\u003C/p>\u003Cp>Also known as effective duration which is a duration calculation that takes into account the effect of embedded options in bonds.&nbsp;An option-adjusted measure of a bond's (or portfolio's) sensitivity to changes in interest rates calculated as the average percentage change in a bond's value (price plus accrued interest) under shifts of the Treasury curve +/- 100 bps.&nbsp;\u003C/p>\n        \u003C/div>\n    \u003C/span>\n\n                            \u003C/td>\n                            \u003Ctd class=\"data\">2.87 years\u003C/td>\n                        \u003C/tr>\n                    \n                        \u003Ctr>\n                            \u003Ctd class=\"label\">\n                                Option Adjusted Spread\n                            \u003C/td>\n                            \u003Ctd class=\"data\">251.41\u003C/td>\n                        \u003C/tr>\n                    \n                        \u003Ctr>\n                            \u003Ctd class=\"label\">\n                                Yield to Maturity\n    \u003Cspan class=\"info\" tabindex=\"0\">\n        \u003Csvg class=\"ssmpsvg icon_info\" aria-hidden=\"true\">\n            \u003Cuse xlink:href=\"#icon_info\">\u003C/use>\n        \u003C/svg>\n        \u003Cdiv class=\"info-data\">\n            \u003Cp>\u003Cstrong>Yield to Maturity\u003C/strong>\u003C/p>\u003Cp>The market weighted average rate of return anticipated on the bonds held in a portfolio if they were to be held to their maturity date.\u003C/p>\n        \u003C/div>\n    \u003C/span>\n\n                            \u003C/td>\n                            \u003Ctd class=\"data\">7.00%\u003C/td>\n                        \u003C/tr>\n                    \n                    \n                    \u003C/tbody>\n                \u003C/table>\n            \n\n            \n\n            \u003C!-- Premium Discount to NAV Graph Start -->\n            \n            \u003C!-- Premium Discount to NAV Graph End -->\n\n            \n\n            \n                \u003Cdiv class=\"download\">\n                    \n                    \n                    \n                    \n                    \n                \u003C/div>\n            \n            \n        \u003C/div>\n    \u003C/section>\n\u003C/div>"} | headers=HTTPHeaderDict({'Content-Length': '7403', 'Content-Type': 'application/json; charset=utf-8', 'cache-control': 'no-cache'})
2026-01-15 12:08:10 - selenium.webdriver.remote.remote_connection - DEBUG - Finished Request
2026-01-15 12:08:10 - scraper - INFO - Successfully scraped JNK
2026-01-15 12:08:10 - scraper - INFO - 
======================================================================
2026-01-15 12:08:10 - scraper - INFO - Scraping SPIB: https://www.ssga.com/us/en/intermediary/etfs/spdr-portfolio-intermediate-term-corporate-bond-etf-spib
2026-01-15 12:08:10 - scraper - INFO - ======================================================================
2026-01-15 12:08:10 - scraper - INFO - Navigating to https://www.ssga.com/us/en/intermediary/etfs/spdr-portfolio-intermediate-term-corporate-bond-etf-spib
2026-01-15 12:08:10 - selenium.webdriver.remote.remote_connection - DEBUG - POST http://localhost:54767/session/cdaceca262e764d86466dc14393d6565/url {'url': 'https://www.ssga.com/us/en/intermediary/etfs/spdr-portfolio-intermediate-term-corporate-bond-etf-spi...'}
2026-01-15 12:08:14 - urllib3.connectionpool - DEBUG - http://localhost:54767 "POST /session/cdaceca262e764d86466dc14393d6565/url HTTP/1.1" 200 0
2026-01-15 12:08:14 - selenium.webdriver.remote.remote_connection - DEBUG - Remote response: status=200 | data={"value":null} | headers=HTTPHeaderDict({'Content-Length': '14', 'Content-Type': 'application/json; charset=utf-8', 'cache-control': 'no-cache'})
2026-01-15 12:08:14 - selenium.webdriver.remote.remote_connection - DEBUG - Finished Request
2026-01-15 12:08:17 - scraper - INFO - Page loaded successfully
2026-01-15 12:08:17 - scraper - INFO - Scrolling to Fund Characteristics section...
2026-01-15 12:08:17 - selenium.webdriver.remote.remote_connection - DEBUG - POST http://localhost:54767/session/cdaceca262e764d86466dc14393d6565/elements {'using': 'css selector', 'value': 'div.keyvalue.fundcomps'}
2026-01-15 12:08:17 - urllib3.connectionpool - DEBUG - http://localhost:54767 "POST /session/cdaceca262e764d86466dc14393d6565/elements HTTP/1.1" 200 0
2026-01-15 12:08:17 - selenium.webdriver.remote.remote_connection - DEBUG - Remote response: status=200 | data={"value":[{"element-6066-11e4-a52e-4f735466cecf":"f.21695B1701B119E73F918E84B99BF8A8.d.02FEAE499235310881E4E3AEF14A4ACC.e.158"},{"element-6066-11e4-a52e-4f735466cecf":"f.21695B1701B119E73F918E84B99BF8A8.d.02FEAE499235310881E4E3AEF14A4ACC.e.159"},{"element-6066-11e4-a52e-4f735466cecf":"f.21695B1701B119E73F918E84B99BF8A8.d.02FEAE499235310881E4E3AEF14A4ACC.e.160"},{"element-6066-11e4-a52e-4f735466cecf":"f.21695B1701B119E73F918E84B99BF8A8.d.02FEAE499235310881E4E3AEF14A4ACC.e.161"},{"element-6066-11e4-a52e-4f735466cecf":"f.21695B1701B119E73F918E84B99BF8A8.d.02FEAE499235310881E4E3AEF14A4ACC.e.162"},{"element-6066-11e4-a52e-4f735466cecf":"f.21695B1701B119E73F918E84B99BF8A8.d.02FEAE499235310881E4E3AEF14A4ACC.e.163"},{"element-6066-11e4-a52e-4f735466cecf":"f.21695B1701B119E73F918E84B99BF8A8.d.02FEAE499235310881E4E3AEF14A4ACC.e.164"},{"element-6066-11e4-a52e-4f735466cecf":"f.21695B1701B119E73F918E84B99BF8A8.d.02FEAE499235310881E4E3AEF14A4ACC.e.165"},{"element-6066-11e4-a52e-4f735466cecf":"f.21695B1701B119E73F918E84B99BF8A8.d.02FEAE499235310881E4E3AEF14A4ACC.e.166"}]} | headers=HTTPHeaderDict({'Content-Length': '1073', 'Content-Type': 'application/json; charset=utf-8', 'cache-control': 'no-cache'})
2026-01-15 12:08:17 - selenium.webdriver.remote.remote_connection - DEBUG - Finished Request
2026-01-15 12:08:17 - selenium.webdriver.remote.remote_connection - DEBUG - POST http://localhost:54767/session/cdaceca262e764d86466dc14393d6565/element/f.21695B1701B119E73F918E84B99BF8A8.d.02FEAE499235310881E4E3AEF14A4ACC.e.158/element {'using': 'css selector', 'value': 'h2.comp-title'}
2026-01-15 12:08:17 - urllib3.connectionpool - DEBUG - http://localhost:54767 "POST /session/cdaceca262e764d86466dc14393d6565/element/f.21695B1701B119E73F918E84B99BF8A8.d.02FEAE499235310881E4E3AEF14A4ACC.e.158/element HTTP/1.1" 200 0
2026-01-15 12:08:17 - selenium.webdriver.remote.remote_connection - DEBUG - Remote response: status=200 | data={"value":{"element-6066-11e4-a52e-4f735466cecf":"f.21695B1701B119E73F918E84B99BF8A8.d.02FEAE499235310881E4E3AEF14A4ACC.e.167"}} | headers=HTTPHeaderDict({'Content-Length': '127', 'Content-Type': 'application/json; charset=utf-8', 'cache-control': 'no-cache'})
2026-01-15 12:08:17 - selenium.webdriver.remote.remote_connection - DEBUG - Finished Request
2026-01-15 12:08:17 - selenium.webdriver.remote.remote_connection - DEBUG - GET http://localhost:54767/session/cdaceca262e764d86466dc14393d6565/element/f.21695B1701B119E73F918E84B99BF8A8.d.02FEAE499235310881E4E3AEF14A4ACC.e.167/text {}
2026-01-15 12:08:17 - urllib3.connectionpool - DEBUG - http://localhost:54767 "GET /session/cdaceca262e764d86466dc14393d6565/element/f.21695B1701B119E73F918E84B99BF8A8.d.02FEAE499235310881E4E3AEF14A4ACC.e.167/text HTTP/1.1" 200 0
2026-01-15 12:08:17 - selenium.webdriver.remote.remote_connection - DEBUG - Remote response: status=200 | data={"value":"Fund Information as of Jan 15 2026"} | headers=HTTPHeaderDict({'Content-Length': '46', 'Content-Type': 'application/json; charset=utf-8', 'cache-control': 'no-cache'})
2026-01-15 12:08:17 - selenium.webdriver.remote.remote_connection - DEBUG - Finished Request
2026-01-15 12:08:17 - selenium.webdriver.remote.remote_connection - DEBUG - POST http://localhost:54767/session/cdaceca262e764d86466dc14393d6565/element/f.21695B1701B119E73F918E84B99BF8A8.d.02FEAE499235310881E4E3AEF14A4ACC.e.159/element {'using': 'css selector', 'value': 'h2.comp-title'}
2026-01-15 12:08:17 - urllib3.connectionpool - DEBUG - http://localhost:54767 "POST /session/cdaceca262e764d86466dc14393d6565/element/f.21695B1701B119E73F918E84B99BF8A8.d.02FEAE499235310881E4E3AEF14A4ACC.e.159/element HTTP/1.1" 200 0
2026-01-15 12:08:17 - selenium.webdriver.remote.remote_connection - DEBUG - Remote response: status=200 | data={"value":{"element-6066-11e4-a52e-4f735466cecf":"f.21695B1701B119E73F918E84B99BF8A8.d.02FEAE499235310881E4E3AEF14A4ACC.e.168"}} | headers=HTTPHeaderDict({'Content-Length': '127', 'Content-Type': 'application/json; charset=utf-8', 'cache-control': 'no-cache'})
2026-01-15 12:08:17 - selenium.webdriver.remote.remote_connection - DEBUG - Finished Request
2026-01-15 12:08:17 - selenium.webdriver.remote.remote_connection - DEBUG - GET http://localhost:54767/session/cdaceca262e764d86466dc14393d6565/element/f.21695B1701B119E73F918E84B99BF8A8.d.02FEAE499235310881E4E3AEF14A4ACC.e.168/text {}
2026-01-15 12:08:17 - urllib3.connectionpool - DEBUG - http://localhost:54767 "GET /session/cdaceca262e764d86466dc14393d6565/element/f.21695B1701B119E73F918E84B99BF8A8.d.02FEAE499235310881E4E3AEF14A4ACC.e.168/text HTTP/1.1" 200 0
2026-01-15 12:08:17 - selenium.webdriver.remote.remote_connection - DEBUG - Remote response: status=200 | data={"value":"Fund Characteristics as of Jan 13 2026"} | headers=HTTPHeaderDict({'Content-Length': '50', 'Content-Type': 'application/json; charset=utf-8', 'cache-control': 'no-cache'})
2026-01-15 12:08:17 - selenium.webdriver.remote.remote_connection - DEBUG - Finished Request
2026-01-15 12:08:17 - selenium.webdriver.remote.remote_connection - DEBUG - POST http://localhost:54767/session/cdaceca262e764d86466dc14393d6565/execute/sync {'script': "arguments[0].scrollIntoView({behavior: 'smooth', block: 'center'});", 'args': [{'element-6066-11e4-a52e-4f735466cecf': 'f.21695B1701B119E73F918E84B99BF8A8.d.02FEAE499235310881E4E3AEF14A4ACC.e.159'}]}
2026-01-15 12:08:17 - urllib3.connectionpool - DEBUG - http://localhost:54767 "POST /session/cdaceca262e764d86466dc14393d6565/execute/sync HTTP/1.1" 200 0
2026-01-15 12:08:17 - selenium.webdriver.remote.remote_connection - DEBUG - Remote response: status=200 | data={"value":null} | headers=HTTPHeaderDict({'Content-Length': '14', 'Content-Type': 'application/json; charset=utf-8', 'cache-control': 'no-cache'})
2026-01-15 12:08:17 - selenium.webdriver.remote.remote_connection - DEBUG - Finished Request
2026-01-15 12:08:19 - scraper - INFO - Scrolled to Fund Characteristics section
2026-01-15 12:08:19 - scraper - INFO - Extracting fund data for SPIB...
2026-01-15 12:08:19 - selenium.webdriver.remote.remote_connection - DEBUG - POST http://localhost:54767/session/cdaceca262e764d86466dc14393d6565/elements {'using': 'css selector', 'value': 'div.keyvalue.fundcomps'}
2026-01-15 12:08:19 - urllib3.connectionpool - DEBUG - http://localhost:54767 "POST /session/cdaceca262e764d86466dc14393d6565/elements HTTP/1.1" 200 0
2026-01-15 12:08:19 - selenium.webdriver.remote.remote_connection - DEBUG - Remote response: status=200 | data={"value":[{"element-6066-11e4-a52e-4f735466cecf":"f.21695B1701B119E73F918E84B99BF8A8.d.02FEAE499235310881E4E3AEF14A4ACC.e.158"},{"element-6066-11e4-a52e-4f735466cecf":"f.21695B1701B119E73F918E84B99BF8A8.d.02FEAE499235310881E4E3AEF14A4ACC.e.159"},{"element-6066-11e4-a52e-4f735466cecf":"f.21695B1701B119E73F918E84B99BF8A8.d.02FEAE499235310881E4E3AEF14A4ACC.e.160"},{"element-6066-11e4-a52e-4f735466cecf":"f.21695B1701B119E73F918E84B99BF8A8.d.02FEAE499235310881E4E3AEF14A4ACC.e.161"},{"element-6066-11e4-a52e-4f735466cecf":"f.21695B1701B119E73F918E84B99BF8A8.d.02FEAE499235310881E4E3AEF14A4ACC.e.162"},{"element-6066-11e4-a52e-4f735466cecf":"f.21695B1701B119E73F918E84B99BF8A8.d.02FEAE499235310881E4E3AEF14A4ACC.e.163"},{"element-6066-11e4-a52e-4f735466cecf":"f.21695B1701B119E73F918E84B99BF8A8.d.02FEAE499235310881E4E3AEF14A4ACC.e.164"},{"element-6066-11e4-a52e-4f735466cecf":"f.21695B1701B119E73F918E84B99BF8A8.d.02FEAE499235310881E4E3AEF14A4ACC.e.165"},{"element-6066-11e4-a52e-4f735466cecf":"f.21695B1701B119E73F918E84B99BF8A8.d.02FEAE499235310881E4E3AEF14A4ACC.e.166"}]} | headers=HTTPHeaderDict({'Content-Length': '1073', 'Content-Type': 'application/json; charset=utf-8', 'cache-control': 'no-cache'})
2026-01-15 12:08:19 - selenium.webdriver.remote.remote_connection - DEBUG - Finished Request
2026-01-15 12:08:19 - selenium.webdriver.remote.remote_connection - DEBUG - POST http://localhost:54767/session/cdaceca262e764d86466dc14393d6565/element/f.21695B1701B119E73F918E84B99BF8A8.d.02FEAE499235310881E4E3AEF14A4ACC.e.158/element {'using': 'css selector', 'value': 'h2.comp-title'}
2026-01-15 12:08:20 - urllib3.connectionpool - DEBUG - http://localhost:54767 "POST /session/cdaceca262e764d86466dc14393d6565/element/f.21695B1701B119E73F918E84B99BF8A8.d.02FEAE499235310881E4E3AEF14A4ACC.e.158/element HTTP/1.1" 200 0
2026-01-15 12:08:20 - selenium.webdriver.remote.remote_connection - DEBUG - Remote response: status=200 | data={"value":{"element-6066-11e4-a52e-4f735466cecf":"f.21695B1701B119E73F918E84B99BF8A8.d.02FEAE499235310881E4E3AEF14A4ACC.e.167"}} | headers=HTTPHeaderDict({'Content-Length': '127', 'Content-Type': 'application/json; charset=utf-8', 'cache-control': 'no-cache'})
2026-01-15 12:08:20 - selenium.webdriver.remote.remote_connection - DEBUG - Finished Request
2026-01-15 12:08:20 - selenium.webdriver.remote.remote_connection - DEBUG - GET http://localhost:54767/session/cdaceca262e764d86466dc14393d6565/element/f.21695B1701B119E73F918E84B99BF8A8.d.02FEAE499235310881E4E3AEF14A4ACC.e.167/text {}
2026-01-15 12:08:20 - urllib3.connectionpool - DEBUG - http://localhost:54767 "GET /session/cdaceca262e764d86466dc14393d6565/element/f.21695B1701B119E73F918E84B99BF8A8.d.02FEAE499235310881E4E3AEF14A4ACC.e.167/text HTTP/1.1" 200 0
2026-01-15 12:08:20 - selenium.webdriver.remote.remote_connection - DEBUG - Remote response: status=200 | data={"value":"Fund Information as of Jan 15 2026"} | headers=HTTPHeaderDict({'Content-Length': '46', 'Content-Type': 'application/json; charset=utf-8', 'cache-control': 'no-cache'})
2026-01-15 12:08:20 - selenium.webdriver.remote.remote_connection - DEBUG - Finished Request
2026-01-15 12:08:20 - selenium.webdriver.remote.remote_connection - DEBUG - POST http://localhost:54767/session/cdaceca262e764d86466dc14393d6565/element/f.21695B1701B119E73F918E84B99BF8A8.d.02FEAE499235310881E4E3AEF14A4ACC.e.159/element {'using': 'css selector', 'value': 'h2.comp-title'}
2026-01-15 12:08:20 - urllib3.connectionpool - DEBUG - http://localhost:54767 "POST /session/cdaceca262e764d86466dc14393d6565/element/f.21695B1701B119E73F918E84B99BF8A8.d.02FEAE499235310881E4E3AEF14A4ACC.e.159/element HTTP/1.1" 200 0
2026-01-15 12:08:20 - selenium.webdriver.remote.remote_connection - DEBUG - Remote response: status=200 | data={"value":{"element-6066-11e4-a52e-4f735466cecf":"f.21695B1701B119E73F918E84B99BF8A8.d.02FEAE499235310881E4E3AEF14A4ACC.e.168"}} | headers=HTTPHeaderDict({'Content-Length': '127', 'Content-Type': 'application/json; charset=utf-8', 'cache-control': 'no-cache'})
2026-01-15 12:08:20 - selenium.webdriver.remote.remote_connection - DEBUG - Finished Request
2026-01-15 12:08:20 - selenium.webdriver.remote.remote_connection - DEBUG - GET http://localhost:54767/session/cdaceca262e764d86466dc14393d6565/element/f.21695B1701B119E73F918E84B99BF8A8.d.02FEAE499235310881E4E3AEF14A4ACC.e.168/text {}
2026-01-15 12:08:20 - urllib3.connectionpool - DEBUG - http://localhost:54767 "GET /session/cdaceca262e764d86466dc14393d6565/element/f.21695B1701B119E73F918E84B99BF8A8.d.02FEAE499235310881E4E3AEF14A4ACC.e.168/text HTTP/1.1" 200 0
2026-01-15 12:08:20 - selenium.webdriver.remote.remote_connection - DEBUG - Remote response: status=200 | data={"value":"Fund Characteristics as of Jan 13 2026"} | headers=HTTPHeaderDict({'Content-Length': '50', 'Content-Type': 'application/json; charset=utf-8', 'cache-control': 'no-cache'})
2026-01-15 12:08:20 - selenium.webdriver.remote.remote_connection - DEBUG - Finished Request
2026-01-15 12:08:20 - selenium.webdriver.remote.remote_connection - DEBUG - POST http://localhost:54767/session/cdaceca262e764d86466dc14393d6565/element/f.21695B1701B119E73F918E84B99BF8A8.d.02FEAE499235310881E4E3AEF14A4ACC.e.168/element {'using': 'css selector', 'value': 'span.date'}
2026-01-15 12:08:20 - urllib3.connectionpool - DEBUG - http://localhost:54767 "POST /session/cdaceca262e764d86466dc14393d6565/element/f.21695B1701B119E73F918E84B99BF8A8.d.02FEAE499235310881E4E3AEF14A4ACC.e.168/element HTTP/1.1" 200 0
2026-01-15 12:08:20 - selenium.webdriver.remote.remote_connection - DEBUG - Remote response: status=200 | data={"value":{"element-6066-11e4-a52e-4f735466cecf":"f.21695B1701B119E73F918E84B99BF8A8.d.02FEAE499235310881E4E3AEF14A4ACC.e.172"}} | headers=HTTPHeaderDict({'Content-Length': '127', 'Content-Type': 'application/json; charset=utf-8', 'cache-control': 'no-cache'})
2026-01-15 12:08:20 - selenium.webdriver.remote.remote_connection - DEBUG - Finished Request
2026-01-15 12:08:20 - selenium.webdriver.remote.remote_connection - DEBUG - GET http://localhost:54767/session/cdaceca262e764d86466dc14393d6565/element/f.21695B1701B119E73F918E84B99BF8A8.d.02FEAE499235310881E4E3AEF14A4ACC.e.172/text {}
2026-01-15 12:08:20 - urllib3.connectionpool - DEBUG - http://localhost:54767 "GET /session/cdaceca262e764d86466dc14393d6565/element/f.21695B1701B119E73F918E84B99BF8A8.d.02FEAE499235310881E4E3AEF14A4ACC.e.172/text HTTP/1.1" 200 0
2026-01-15 12:08:20 - selenium.webdriver.remote.remote_connection - DEBUG - Remote response: status=200 | data={"value":"as of Jan 13 2026"} | headers=HTTPHeaderDict({'Content-Length': '29', 'Content-Type': 'application/json; charset=utf-8', 'cache-control': 'no-cache'})
2026-01-15 12:08:20 - selenium.webdriver.remote.remote_connection - DEBUG - Finished Request
2026-01-15 12:08:20 - scraper - INFO - Found date: Jan 13 2026
2026-01-15 12:08:20 - selenium.webdriver.remote.remote_connection - DEBUG - POST http://localhost:54767/session/cdaceca262e764d86466dc14393d6565/element/f.21695B1701B119E73F918E84B99BF8A8.d.02FEAE499235310881E4E3AEF14A4ACC.e.159/element {'using': 'css selector', 'value': 'table.tb-keyvalue'}
2026-01-15 12:08:20 - urllib3.connectionpool - DEBUG - http://localhost:54767 "POST /session/cdaceca262e764d86466dc14393d6565/element/f.21695B1701B119E73F918E84B99BF8A8.d.02FEAE499235310881E4E3AEF14A4ACC.e.159/element HTTP/1.1" 200 0
2026-01-15 12:08:20 - selenium.webdriver.remote.remote_connection - DEBUG - Remote response: status=200 | data={"value":{"element-6066-11e4-a52e-4f735466cecf":"f.21695B1701B119E73F918E84B99BF8A8.d.02FEAE499235310881E4E3AEF14A4ACC.e.173"}} | headers=HTTPHeaderDict({'Content-Length': '127', 'Content-Type': 'application/json; charset=utf-8', 'cache-control': 'no-cache'})
2026-01-15 12:08:20 - selenium.webdriver.remote.remote_connection - DEBUG - Finished Request
2026-01-15 12:08:20 - selenium.webdriver.remote.remote_connection - DEBUG - POST http://localhost:54767/session/cdaceca262e764d86466dc14393d6565/element/f.21695B1701B119E73F918E84B99BF8A8.d.02FEAE499235310881E4E3AEF14A4ACC.e.173/elements {'using': 'css selector', 'value': 'tr'}
2026-01-15 12:08:20 - urllib3.connectionpool - DEBUG - http://localhost:54767 "POST /session/cdaceca262e764d86466dc14393d6565/element/f.21695B1701B119E73F918E84B99BF8A8.d.02FEAE499235310881E4E3AEF14A4ACC.e.173/elements HTTP/1.1" 200 0
2026-01-15 12:08:20 - selenium.webdriver.remote.remote_connection - DEBUG - Remote response: status=200 | data={"value":[{"element-6066-11e4-a52e-4f735466cecf":"f.21695B1701B119E73F918E84B99BF8A8.d.02FEAE499235310881E4E3AEF14A4ACC.e.174"},{"element-6066-11e4-a52e-4f735466cecf":"f.21695B1701B119E73F918E84B99BF8A8.d.02FEAE499235310881E4E3AEF14A4ACC.e.175"},{"element-6066-11e4-a52e-4f735466cecf":"f.21695B1701B119E73F918E84B99BF8A8.d.02FEAE499235310881E4E3AEF14A4ACC.e.176"},{"element-6066-11e4-a52e-4f735466cecf":"f.21695B1701B119E73F918E84B99BF8A8.d.02FEAE499235310881E4E3AEF14A4ACC.e.177"},{"element-6066-11e4-a52e-4f735466cecf":"f.21695B1701B119E73F918E84B99BF8A8.d.02FEAE499235310881E4E3AEF14A4ACC.e.178"},{"element-6066-11e4-a52e-4f735466cecf":"f.21695B1701B119E73F918E84B99BF8A8.d.02FEAE499235310881E4E3AEF14A4ACC.e.179"},{"element-6066-11e4-a52e-4f735466cecf":"f.21695B1701B119E73F918E84B99BF8A8.d.02FEAE499235310881E4E3AEF14A4ACC.e.180"},{"element-6066-11e4-a52e-4f735466cecf":"f.21695B1701B119E73F918E84B99BF8A8.d.02FEAE499235310881E4E3AEF14A4ACC.e.181"}]} | headers=HTTPHeaderDict({'Content-Length': '955', 'Content-Type': 'application/json; charset=utf-8', 'cache-control': 'no-cache'})
2026-01-15 12:08:20 - selenium.webdriver.remote.remote_connection - DEBUG - Finished Request
2026-01-15 12:08:20 - selenium.webdriver.remote.remote_connection - DEBUG - POST http://localhost:54767/session/cdaceca262e764d86466dc14393d6565/element/f.21695B1701B119E73F918E84B99BF8A8.d.02FEAE499235310881E4E3AEF14A4ACC.e.174/element {'using': 'css selector', 'value': 'td.label'}
2026-01-15 12:08:20 - urllib3.connectionpool - DEBUG - http://localhost:54767 "POST /session/cdaceca262e764d86466dc14393d6565/element/f.21695B1701B119E73F918E84B99BF8A8.d.02FEAE499235310881E4E3AEF14A4ACC.e.174/element HTTP/1.1" 200 0
2026-01-15 12:08:20 - selenium.webdriver.remote.remote_connection - DEBUG - Remote response: status=200 | data={"value":{"element-6066-11e4-a52e-4f735466cecf":"f.21695B1701B119E73F918E84B99BF8A8.d.02FEAE499235310881E4E3AEF14A4ACC.e.182"}} | headers=HTTPHeaderDict({'Content-Length': '127', 'Content-Type': 'application/json; charset=utf-8', 'cache-control': 'no-cache'})
2026-01-15 12:08:20 - selenium.webdriver.remote.remote_connection - DEBUG - Finished Request
2026-01-15 12:08:20 - selenium.webdriver.remote.remote_connection - DEBUG - GET http://localhost:54767/session/cdaceca262e764d86466dc14393d6565/element/f.21695B1701B119E73F918E84B99BF8A8.d.02FEAE499235310881E4E3AEF14A4ACC.e.182/text {}
2026-01-15 12:08:20 - urllib3.connectionpool - DEBUG - http://localhost:54767 "GET /session/cdaceca262e764d86466dc14393d6565/element/f.21695B1701B119E73F918E84B99BF8A8.d.02FEAE499235310881E4E3AEF14A4ACC.e.182/text HTTP/1.1" 200 0
2026-01-15 12:08:20 - selenium.webdriver.remote.remote_connection - DEBUG - Remote response: status=200 | data={"value":"Number of Holdings"} | headers=HTTPHeaderDict({'Content-Length': '30', 'Content-Type': 'application/json; charset=utf-8', 'cache-control': 'no-cache'})
2026-01-15 12:08:20 - selenium.webdriver.remote.remote_connection - DEBUG - Finished Request
2026-01-15 12:08:20 - selenium.webdriver.remote.remote_connection - DEBUG - POST http://localhost:54767/session/cdaceca262e764d86466dc14393d6565/element/f.21695B1701B119E73F918E84B99BF8A8.d.02FEAE499235310881E4E3AEF14A4ACC.e.175/element {'using': 'css selector', 'value': 'td.label'}
2026-01-15 12:08:20 - urllib3.connectionpool - DEBUG - http://localhost:54767 "POST /session/cdaceca262e764d86466dc14393d6565/element/f.21695B1701B119E73F918E84B99BF8A8.d.02FEAE499235310881E4E3AEF14A4ACC.e.175/element HTTP/1.1" 200 0
2026-01-15 12:08:20 - selenium.webdriver.remote.remote_connection - DEBUG - Remote response: status=200 | data={"value":{"element-6066-11e4-a52e-4f735466cecf":"f.21695B1701B119E73F918E84B99BF8A8.d.02FEAE499235310881E4E3AEF14A4ACC.e.183"}} | headers=HTTPHeaderDict({'Content-Length': '127', 'Content-Type': 'application/json; charset=utf-8', 'cache-control': 'no-cache'})
2026-01-15 12:08:20 - selenium.webdriver.remote.remote_connection - DEBUG - Finished Request
2026-01-15 12:08:20 - selenium.webdriver.remote.remote_connection - DEBUG - GET http://localhost:54767/session/cdaceca262e764d86466dc14393d6565/element/f.21695B1701B119E73F918E84B99BF8A8.d.02FEAE499235310881E4E3AEF14A4ACC.e.183/text {}
2026-01-15 12:08:20 - urllib3.connectionpool - DEBUG - http://localhost:54767 "GET /session/cdaceca262e764d86466dc14393d6565/element/f.21695B1701B119E73F918E84B99BF8A8.d.02FEAE499235310881E4E3AEF14A4ACC.e.183/text HTTP/1.1" 200 0
2026-01-15 12:08:20 - selenium.webdriver.remote.remote_connection - DEBUG - Remote response: status=200 | data={"value":"Average Coupon"} | headers=HTTPHeaderDict({'Content-Length': '26', 'Content-Type': 'application/json; charset=utf-8', 'cache-control': 'no-cache'})
2026-01-15 12:08:20 - selenium.webdriver.remote.remote_connection - DEBUG - Finished Request
2026-01-15 12:08:20 - selenium.webdriver.remote.remote_connection - DEBUG - POST http://localhost:54767/session/cdaceca262e764d86466dc14393d6565/element/f.21695B1701B119E73F918E84B99BF8A8.d.02FEAE499235310881E4E3AEF14A4ACC.e.176/element {'using': 'css selector', 'value': 'td.label'}
2026-01-15 12:08:20 - urllib3.connectionpool - DEBUG - http://localhost:54767 "POST /session/cdaceca262e764d86466dc14393d6565/element/f.21695B1701B119E73F918E84B99BF8A8.d.02FEAE499235310881E4E3AEF14A4ACC.e.176/element HTTP/1.1" 200 0
2026-01-15 12:08:20 - selenium.webdriver.remote.remote_connection - DEBUG - Remote response: status=200 | data={"value":{"element-6066-11e4-a52e-4f735466cecf":"f.21695B1701B119E73F918E84B99BF8A8.d.02FEAE499235310881E4E3AEF14A4ACC.e.184"}} | headers=HTTPHeaderDict({'Content-Length': '127', 'Content-Type': 'application/json; charset=utf-8', 'cache-control': 'no-cache'})
2026-01-15 12:08:20 - selenium.webdriver.remote.remote_connection - DEBUG - Finished Request
2026-01-15 12:08:20 - selenium.webdriver.remote.remote_connection - DEBUG - GET http://localhost:54767/session/cdaceca262e764d86466dc14393d6565/element/f.21695B1701B119E73F918E84B99BF8A8.d.02FEAE499235310881E4E3AEF14A4ACC.e.184/text {}
2026-01-15 12:08:20 - urllib3.connectionpool - DEBUG - http://localhost:54767 "GET /session/cdaceca262e764d86466dc14393d6565/element/f.21695B1701B119E73F918E84B99BF8A8.d.02FEAE499235310881E4E3AEF14A4ACC.e.184/text HTTP/1.1" 200 0
2026-01-15 12:08:20 - selenium.webdriver.remote.remote_connection - DEBUG - Remote response: status=200 | data={"value":"Average Maturity in Years"} | headers=HTTPHeaderDict({'Content-Length': '37', 'Content-Type': 'application/json; charset=utf-8', 'cache-control': 'no-cache'})
2026-01-15 12:08:20 - selenium.webdriver.remote.remote_connection - DEBUG - Finished Request
2026-01-15 12:08:20 - selenium.webdriver.remote.remote_connection - DEBUG - POST http://localhost:54767/session/cdaceca262e764d86466dc14393d6565/element/f.21695B1701B119E73F918E84B99BF8A8.d.02FEAE499235310881E4E3AEF14A4ACC.e.177/element {'using': 'css selector', 'value': 'td.label'}
2026-01-15 12:08:20 - urllib3.connectionpool - DEBUG - http://localhost:54767 "POST /session/cdaceca262e764d86466dc14393d6565/element/f.21695B1701B119E73F918E84B99BF8A8.d.02FEAE499235310881E4E3AEF14A4ACC.e.177/element HTTP/1.1" 200 0
2026-01-15 12:08:20 - selenium.webdriver.remote.remote_connection - DEBUG - Remote response: status=200 | data={"value":{"element-6066-11e4-a52e-4f735466cecf":"f.21695B1701B119E73F918E84B99BF8A8.d.02FEAE499235310881E4E3AEF14A4ACC.e.185"}} | headers=HTTPHeaderDict({'Content-Length': '127', 'Content-Type': 'application/json; charset=utf-8', 'cache-control': 'no-cache'})
2026-01-15 12:08:20 - selenium.webdriver.remote.remote_connection - DEBUG - Finished Request
2026-01-15 12:08:20 - selenium.webdriver.remote.remote_connection - DEBUG - GET http://localhost:54767/session/cdaceca262e764d86466dc14393d6565/element/f.21695B1701B119E73F918E84B99BF8A8.d.02FEAE499235310881E4E3AEF14A4ACC.e.185/text {}
2026-01-15 12:08:20 - urllib3.connectionpool - DEBUG - http://localhost:54767 "GET /session/cdaceca262e764d86466dc14393d6565/element/f.21695B1701B119E73F918E84B99BF8A8.d.02FEAE499235310881E4E3AEF14A4ACC.e.185/text HTTP/1.1" 200 0
2026-01-15 12:08:20 - selenium.webdriver.remote.remote_connection - DEBUG - Remote response: status=200 | data={"value":"Average Price"} | headers=HTTPHeaderDict({'Content-Length': '25', 'Content-Type': 'application/json; charset=utf-8', 'cache-control': 'no-cache'})
2026-01-15 12:08:20 - selenium.webdriver.remote.remote_connection - DEBUG - Finished Request
2026-01-15 12:08:20 - selenium.webdriver.remote.remote_connection - DEBUG - POST http://localhost:54767/session/cdaceca262e764d86466dc14393d6565/element/f.21695B1701B119E73F918E84B99BF8A8.d.02FEAE499235310881E4E3AEF14A4ACC.e.178/element {'using': 'css selector', 'value': 'td.label'}
2026-01-15 12:08:21 - urllib3.connectionpool - DEBUG - http://localhost:54767 "POST /session/cdaceca262e764d86466dc14393d6565/element/f.21695B1701B119E73F918E84B99BF8A8.d.02FEAE499235310881E4E3AEF14A4ACC.e.178/element HTTP/1.1" 200 0
2026-01-15 12:08:21 - selenium.webdriver.remote.remote_connection - DEBUG - Remote response: status=200 | data={"value":{"element-6066-11e4-a52e-4f735466cecf":"f.21695B1701B119E73F918E84B99BF8A8.d.02FEAE499235310881E4E3AEF14A4ACC.e.186"}} | headers=HTTPHeaderDict({'Content-Length': '127', 'Content-Type': 'application/json; charset=utf-8', 'cache-control': 'no-cache'})
2026-01-15 12:08:21 - selenium.webdriver.remote.remote_connection - DEBUG - Finished Request
2026-01-15 12:08:21 - selenium.webdriver.remote.remote_connection - DEBUG - GET http://localhost:54767/session/cdaceca262e764d86466dc14393d6565/element/f.21695B1701B119E73F918E84B99BF8A8.d.02FEAE499235310881E4E3AEF14A4ACC.e.186/text {}
2026-01-15 12:08:21 - urllib3.connectionpool - DEBUG - http://localhost:54767 "GET /session/cdaceca262e764d86466dc14393d6565/element/f.21695B1701B119E73F918E84B99BF8A8.d.02FEAE499235310881E4E3AEF14A4ACC.e.186/text HTTP/1.1" 200 0
2026-01-15 12:08:21 - selenium.webdriver.remote.remote_connection - DEBUG - Remote response: status=200 | data={"value":"Average Yield To Worst"} | headers=HTTPHeaderDict({'Content-Length': '34', 'Content-Type': 'application/json; charset=utf-8', 'cache-control': 'no-cache'})
2026-01-15 12:08:21 - selenium.webdriver.remote.remote_connection - DEBUG - Finished Request
2026-01-15 12:08:21 - selenium.webdriver.remote.remote_connection - DEBUG - POST http://localhost:54767/session/cdaceca262e764d86466dc14393d6565/element/f.21695B1701B119E73F918E84B99BF8A8.d.02FEAE499235310881E4E3AEF14A4ACC.e.179/element {'using': 'css selector', 'value': 'td.label'}
2026-01-15 12:08:21 - urllib3.connectionpool - DEBUG - http://localhost:54767 "POST /session/cdaceca262e764d86466dc14393d6565/element/f.21695B1701B119E73F918E84B99BF8A8.d.02FEAE499235310881E4E3AEF14A4ACC.e.179/element HTTP/1.1" 200 0
2026-01-15 12:08:21 - selenium.webdriver.remote.remote_connection - DEBUG - Remote response: status=200 | data={"value":{"element-6066-11e4-a52e-4f735466cecf":"f.21695B1701B119E73F918E84B99BF8A8.d.02FEAE499235310881E4E3AEF14A4ACC.e.187"}} | headers=HTTPHeaderDict({'Content-Length': '127', 'Content-Type': 'application/json; charset=utf-8', 'cache-control': 'no-cache'})
2026-01-15 12:08:21 - selenium.webdriver.remote.remote_connection - DEBUG - Finished Request
2026-01-15 12:08:21 - selenium.webdriver.remote.remote_connection - DEBUG - GET http://localhost:54767/session/cdaceca262e764d86466dc14393d6565/element/f.21695B1701B119E73F918E84B99BF8A8.d.02FEAE499235310881E4E3AEF14A4ACC.e.187/text {}
2026-01-15 12:08:21 - urllib3.connectionpool - DEBUG - http://localhost:54767 "GET /session/cdaceca262e764d86466dc14393d6565/element/f.21695B1701B119E73F918E84B99BF8A8.d.02FEAE499235310881E4E3AEF14A4ACC.e.187/text HTTP/1.1" 200 0
2026-01-15 12:08:21 - selenium.webdriver.remote.remote_connection - DEBUG - Remote response: status=200 | data={"value":"Option Adjusted Duration"} | headers=HTTPHeaderDict({'Content-Length': '36', 'Content-Type': 'application/json; charset=utf-8', 'cache-control': 'no-cache'})
2026-01-15 12:08:21 - selenium.webdriver.remote.remote_connection - DEBUG - Finished Request
2026-01-15 12:08:21 - selenium.webdriver.remote.remote_connection - DEBUG - POST http://localhost:54767/session/cdaceca262e764d86466dc14393d6565/element/f.21695B1701B119E73F918E84B99BF8A8.d.02FEAE499235310881E4E3AEF14A4ACC.e.179/element {'using': 'css selector', 'value': 'td.data'}
2026-01-15 12:08:21 - urllib3.connectionpool - DEBUG - http://localhost:54767 "POST /session/cdaceca262e764d86466dc14393d6565/element/f.21695B1701B119E73F918E84B99BF8A8.d.02FEAE499235310881E4E3AEF14A4ACC.e.179/element HTTP/1.1" 200 0
2026-01-15 12:08:21 - selenium.webdriver.remote.remote_connection - DEBUG - Remote response: status=200 | data={"value":{"element-6066-11e4-a52e-4f735466cecf":"f.21695B1701B119E73F918E84B99BF8A8.d.02FEAE499235310881E4E3AEF14A4ACC.e.188"}} | headers=HTTPHeaderDict({'Content-Length': '127', 'Content-Type': 'application/json; charset=utf-8', 'cache-control': 'no-cache'})
2026-01-15 12:08:21 - selenium.webdriver.remote.remote_connection - DEBUG - Finished Request
2026-01-15 12:08:21 - selenium.webdriver.remote.remote_connection - DEBUG - GET http://localhost:54767/session/cdaceca262e764d86466dc14393d6565/element/f.21695B1701B119E73F918E84B99BF8A8.d.02FEAE499235310881E4E3AEF14A4ACC.e.188/text {}
2026-01-15 12:08:22 - urllib3.connectionpool - DEBUG - http://localhost:54767 "GET /session/cdaceca262e764d86466dc14393d6565/element/f.21695B1701B119E73F918E84B99BF8A8.d.02FEAE499235310881E4E3AEF14A4ACC.e.188/text HTTP/1.1" 200 0
2026-01-15 12:08:22 - selenium.webdriver.remote.remote_connection - DEBUG - Remote response: status=200 | data={"value":"4.01 years"} | headers=HTTPHeaderDict({'Content-Length': '22', 'Content-Type': 'application/json; charset=utf-8', 'cache-control': 'no-cache'})
2026-01-15 12:08:22 - selenium.webdriver.remote.remote_connection - DEBUG - Finished Request
2026-01-15 12:08:22 - scraper - INFO - Found Option Adjusted Duration: 4.01 years
2026-01-15 12:08:22 - selenium.webdriver.remote.remote_connection - DEBUG - POST http://localhost:54767/session/cdaceca262e764d86466dc14393d6565/execute/sync {'script': '/* getAttribute */return (function(){return (function(){var d=this||self;function f(a,b){function c(...', 'args': [{'element-6066-11e4-a52e-4f735466cecf': 'f.21695B1701B119E73F918E84B99BF8A8.d.02FEAE499235310881E4E3AEF14A4ACC.e.159'}, 'outerHTML']}
2026-01-15 12:08:22 - urllib3.connectionpool - DEBUG - http://localhost:54767 "POST /session/cdaceca262e764d86466dc14393d6565/execute/sync HTTP/1.1" 200 0
2026-01-15 12:08:22 - selenium.webdriver.remote.remote_connection - DEBUG - Remote response: status=200 | data={"value":"\u003Cdiv class=\"keyvalue fundcomps aem-GridColumn aem-GridColumn--default--12\">\n\n\n    \n    \n    \n    \u003Csection data-fundcomponent=\"true\">\n        \n            \u003Ch2 class=\"comp-title\">\n                Fund Characteristics\n                \n                \n                    \u003Cspan class=\"date\">as of Jan 13 2026\u003C/span>\n                \n                \u003Csvg class=\"ssmpsvg caret-down\" aria-hidden=\"true\">\u003Cuse xlink:href=\"#caret-down\">\u003C/use>\u003C/svg>\n            \u003C/h2>\n        \n        \n        \n\n        \u003Cdiv class=\"section-content\">\n            \n                \u003Ctable class=\"tb-keyvalue\">\n                    \u003Ctbody>\n                    \n                        \u003Ctr>\n                            \u003Ctd class=\"label\">\n                                Number of Holdings\n                            \u003C/td>\n                            \u003Ctd class=\"data\">5,141\u003C/td>\n                        \u003C/tr>\n                    \n                        \u003Ctr>\n                            \u003Ctd class=\"label\">\n                                Average Coupon\n    \u003Cspan class=\"info\" tabindex=\"0\">\n        \u003Csvg class=\"ssmpsvg icon_info\" aria-hidden=\"true\">\n            \u003Cuse xlink:href=\"#icon_info\">\u003C/use>\n        \u003C/svg>\n        \u003Cdiv class=\"info-data\">\n            \u003Cp>\u003Cstrong>﻿Average Coupon\u003C/strong>\u003C/p>\u003Cp>The market value weighted average coupon of the bonds in a portfolio.\u003C/p>\n        \u003C/div>\n    \u003C/span>\n\n                            \u003C/td>\n                            \u003Ctd class=\"data\">4.51%\u003C/td>\n                        \u003C/tr>\n                    \n                        \u003Ctr>\n                            \u003Ctd class=\"label\">\n                                Average Maturity in Years\n    \u003Cspan class=\"info\" tabindex=\"0\">\n        \u003Csvg class=\"ssmpsvg icon_info\" aria-hidden=\"true\">\n            \u003Cuse xlink:href=\"#icon_info\">\u003C/use>\n        \u003C/svg>\n        \u003Cdiv class=\"info-data\">\n            \u003Cp>\u003Cstrong>Average Maturity\u003C/strong>\u003C/p>\u003Cp>The market value-weighted average maturity of the bonds and loans in a portfolio, where maturity is the length of time during which the investor will receive interest payments on the investment. When the bond reaches maturity the principal is repaid.\u003C/p>\n        \u003C/div>\n    \u003C/span>\n\n                            \u003C/td>\n                            \u003Ctd class=\"data\">4.75\u003C/td>\n                        \u003C/tr>\n                    \n                        \u003Ctr>\n                            \u003Ctd class=\"label\">\n                                Average Price\n    \u003Cspan class=\"info\" tabindex=\"0\">\n        \u003Csvg class=\"ssmpsvg icon_info\" aria-hidden=\"true\">\n            \u003Cuse xlink:href=\"#icon_info\">\u003C/use>\n        \u003C/svg>\n        \u003Cdiv class=\"info-data\">\n            \u003Cp>\u003Cstrong>\u003C/strong>\u003Cstrong>Average Price\u003C/strong> The weighted average of each asset’s market price relative to its face value or par value.\u003C/p>\n        \u003C/div>\n    \u003C/span>\n\n                            \u003C/td>\n                            \u003Ctd class=\"data\">$100.38\u003C/td>\n                        \u003C/tr>\n                    \n                        \u003Ctr>\n                            \u003Ctd class=\"label\">\n                                Average Yield To Worst\n    \u003Cspan class=\"info\" tabindex=\"0\">\n        \u003Csvg class=\"ssmpsvg icon_info\" aria-hidden=\"true\">\n            \u003Cuse xlink:href=\"#icon_info\">\u003C/use>\n        \u003C/svg>\n        \u003Cdiv class=\"info-data\">\n            \u003Cp>\u003Cstrong>Average Yield To Worst\u003C/strong>\u003C/p>\u003Cp>The lowest potential yield that can be received on a bond without the issuer actually defaulting. The YTW is calculated by making worst-case scenario assumptions on the issue by calculating the return that would be received if the issuer uses provisions, including prepayments. When aggregating YTW for a portfolio level statistic, the weighted average of the YTW and market value for each security is used.\u003C/p>\n        \u003C/div>\n    \u003C/span>\n\n                            \u003C/td>\n                            \u003Ctd class=\"data\">4.46%\u003C/td>\n                        \u003C/tr>\n                    \n                        \u003Ctr>\n                            \u003Ctd class=\"label\">\n                                Option Adjusted Duration\n    \u003Cspan class=\"info\" tabindex=\"0\">\n        \u003Csvg class=\"ssmpsvg icon_info\" aria-hidden=\"true\">\n            \u003Cuse xlink:href=\"#icon_info\">\u003C/use>\n        \u003C/svg>\n        \u003Cdiv class=\"info-data\">\n            \u003Cp>\u003Cstrong>Option&nbsp;Adjusted\u003C/strong> \u003Cstrong>Duration\u003C/strong>\u003C/p>\u003Cp>Also known as effective duration which is a duration calculation that takes into account the effect of embedded options in bonds.&nbsp;An option-adjusted measure of a bond's (or portfolio's) sensitivity to changes in interest rates calculated as the average percentage change in a bond's value (price plus accrued interest) under shifts of the Treasury curve +/- 100 bps.&nbsp;\u003C/p>\n        \u003C/div>\n    \u003C/span>\n\n                            \u003C/td>\n                            \u003Ctd class=\"data\">4.01 years\u003C/td>\n                        \u003C/tr>\n                    \n                        \u003Ctr>\n                            \u003Ctd class=\"label\">\n                                Option Adjusted Spread\n                            \u003C/td>\n                            \u003Ctd class=\"data\">69.68\u003C/td>\n                        \u003C/tr>\n                    \n                        \u003Ctr>\n                            \u003Ctd class=\"label\">\n                                Yield to Maturity\n    \u003Cspan class=\"info\" tabindex=\"0\">\n        \u003Csvg class=\"ssmpsvg icon_info\" aria-hidden=\"true\">\n            \u003Cuse xlink:href=\"#icon_info\">\u003C/use>\n        \u003C/svg>\n        \u003Cdiv class=\"info-data\">\n            \u003Cp>\u003Cstrong>Yield to Maturity\u003C/strong>\u003C/p>\u003Cp>The market weighted average rate of return anticipated on the bonds held in a portfolio if they were to be held to their maturity date.\u003C/p>\n        \u003C/div>\n    \u003C/span>\n\n                            \u003C/td>\n                            \u003Ctd class=\"data\">4.47%\u003C/td>\n                        \u003C/tr>\n                    \n                    \n                    \u003C/tbody>\n                \u003C/table>\n            \n\n            \n\n            \u003C!-- Premium Discount to NAV Graph Start -->\n            \n            \u003C!-- Premium Discount to NAV Graph End -->\n\n            \n\n            \n                \u003Cdiv class=\"download\">\n                    \n                    \n                    \n                    \n                    \n                \u003C/div>\n            \n            \n        \u003C/div>\n    \u003C/section>\n\u003C/div>"} | headers=HTTPHeaderDict({'Content-Length': '7402', 'Content-Type': 'application/json; charset=utf-8', 'cache-control': 'no-cache'})
2026-01-15 12:08:22 - selenium.webdriver.remote.remote_connection - DEBUG - Finished Request
2026-01-15 12:08:22 - scraper - INFO - Successfully scraped SPIB
2026-01-15 12:08:22 - scraper - INFO - 
Successfully scraped 2 products
2026-01-15 12:08:22 - selenium.webdriver.remote.remote_connection - DEBUG - DELETE http://localhost:54767/session/cdaceca262e764d86466dc14393d6565 {}
2026-01-15 12:08:23 - urllib3.connectionpool - DEBUG - http://localhost:54767 "DELETE /session/cdaceca262e764d86466dc14393d6565 HTTP/1.1" 200 0
2026-01-15 12:08:23 - selenium.webdriver.remote.remote_connection - DEBUG - Remote response: status=200 | data={"value":null} | headers=HTTPHeaderDict({'Content-Length': '14', 'Content-Type': 'application/json; charset=utf-8', 'cache-control': 'no-cache'})
2026-01-15 12:08:23 - selenium.webdriver.remote.remote_connection - DEBUG - Finished Request
2026-01-15 12:08:27 - scraper - INFO - Browser closed
2026-01-15 12:08:27 - __main__ - INFO - Successfully scraped 2 products
2026-01-15 12:08:27 - parser - INFO - Parsing scraped data...
2026-01-15 12:08:27 - parser - INFO - Parsed date: 2026-01-13
2026-01-15 12:08:27 - parser - INFO - JNK: 2.87 years
2026-01-15 12:08:27 - parser - INFO - SPIB: 4.01 years
2026-01-15 12:08:27 - parser - INFO - Loading master data from ./master_data\SSGADD_MASTER_DATA.xlsx
2026-01-15 12:08:28 - parser - INFO - Loaded 477 rows from master data
2026-01-15 12:08:28 - parser - INFO - Latest date in master: 2026-01-12
2026-01-15 12:08:28 - parser - INFO - New data detected: 2026-01-13 > 2026-01-12
2026-01-15 12:08:28 - parser - INFO - Merging master and scraped data...
2026-01-15 12:08:28 - parser - INFO - Merged data: 478 total rows
2026-01-15 12:08:28 - __main__ - INFO - Successfully merged 478 rows
2026-01-15 12:08:28 - file_generator - INFO - Creating DATA file with 478 records
2026-01-15 12:08:28 - file_generator - INFO - DATA file saved: ./output\20260115_120733\SSGADD_DATA_20260115_120733.xlsx
2026-01-15 12:08:28 - file_generator - INFO - Creating META file
2026-01-15 12:08:28 - file_generator - INFO - META file saved: ./output\20260115_120733\SSGADD_META_20260115_120733.xlsx
2026-01-15 12:08:28 - file_generator - INFO - Creating ZIP file: ./output\20260115_120733\SSGADD_20260115_120733.zip
2026-01-15 12:08:28 - file_generator - INFO - ZIP file created: ./output\20260115_120733\SSGADD_20260115_120733.zip
2026-01-15 12:08:28 - file_generator - INFO - Files also copied to 'latest' folder
2026-01-15 12:08:28 - file_generator - INFO - Saving updated master data file...
2026-01-15 12:08:28 - file_generator - INFO - Master data saved: ./master_data\SSGADD_MASTER_DATA.xlsx
2026-01-15 12:08:28 - __main__ - INFO - Orchestrator completed successfully
