2026-05-20 14:14:19 - root - INFO - Logging initialized - Log file: ./logs\20260520_141413\ssgadd_20260520_141413.log
2026-05-20 14:14:19 - selenium.webdriver.common.selenium_manager - DEBUG - Selenium Manager binary found at: C:\Users\Mark Castro\AppData\Local\Programs\Python\Python311\Lib\site-packages\selenium\webdriver\common\windows\selenium-manager.exe
2026-05-20 14:14:19 - selenium.webdriver.common.selenium_manager - DEBUG - Executing process: C:\Users\Mark Castro\AppData\Local\Programs\Python\Python311\Lib\site-packages\selenium\webdriver\common\windows\selenium-manager.exe --browser chrome --debug --language-binding python --output json
2026-05-20 14:14:20 - selenium.webdriver.common.selenium_manager - DEBUG - chromedriver not found in PATH
2026-05-20 14:14:20 - selenium.webdriver.common.selenium_manager - DEBUG - chrome detected at C:\Program Files\Google\Chrome\Application\chrome.exe
2026-05-20 14:14:20 - selenium.webdriver.common.selenium_manager - DEBUG - Running command: wmic datafile where name='C:\\Program Files\\Google\\Chrome\\Application\\chrome.exe' get Version /value
2026-05-20 14:14:20 - selenium.webdriver.common.selenium_manager - DEBUG - Output: "\r\r\n\r\r\nVersion=148.0.7778.168\r\r\n\r\r\n\r\r\n\r"
2026-05-20 14:14:20 - selenium.webdriver.common.selenium_manager - DEBUG - Detected browser: chrome 148.0.7778.168
2026-05-20 14:14:20 - selenium.webdriver.common.selenium_manager - DEBUG - Required driver: chromedriver 148.0.7778.178
2026-05-20 14:14:20 - selenium.webdriver.common.selenium_manager - DEBUG - chromedriver 148.0.7778.178 already in the cache
2026-05-20 14:14:20 - selenium.webdriver.common.selenium_manager - DEBUG - Driver path: C:\Users\Mark Castro\.cache\selenium\chromedriver\win64\148.0.7778.178\chromedriver.exe
2026-05-20 14:14:20 - selenium.webdriver.common.selenium_manager - DEBUG - Browser path: C:\Program Files\Google\Chrome\Application\chrome.exe
2026-05-20 14:14:20 - selenium.webdriver.common.service - DEBUG - Started executable: `C:\Users\Mark Castro\.cache\selenium\chromedriver\win64\148.0.7778.178\chromedriver.exe` in a child process with pid: 624 using 0 to output -3
2026-05-20 14:14:21 - selenium.webdriver.remote.remote_connection - DEBUG - POST http://localhost:60073/session {'capabilities': {'firstMatch': [{}], 'alwaysMatch': {'browserName': 'chrome', 'pageLoadStrategy': <PageLoadStrategy.normal: 'normal'>, 'browserVersion': None, 'goog:chromeOptions': {'extensions': [], 'binary': 'C:\\Program Files\\Google\\Chrome\\Application\\chrome.exe', 'args': ['--headless', '--disable-gpu', '--no-sandbox', '--disable-dev-shm-usage', '--window-size=1920,1080', '--user-agent=Mozilla/5.0 (Windows NT 10.0; Win64; x64) AppleWebKit/537.36']}}}}
2026-05-20 14:14:21 - urllib3.connectionpool - DEBUG - Starting new HTTP connection (1): localhost:60073
2026-05-20 14:14:22 - urllib3.connectionpool - DEBUG - http://localhost:60073 "POST /session HTTP/1.1" 200 0
2026-05-20 14:14:22 - selenium.webdriver.remote.remote_connection - DEBUG - Remote response: status=200 | data={"value":{"capabilities":{"acceptInsecureCerts":false,"browserName":"chrome","browserVersion":"148.0.7778.168","chrome":{"chromedriverVersion":"148.0.7778.178 (d096af1c9e98c45c3596e59620622b1a049bfecb-refs/branch-heads/7778@{#3196})","userDataDir":"C:\\Users\\MARKCA~1\\AppData\\Local\\Temp\\scoped_dir624_518898194"},"fedcm:accounts":true,"goog:chromeOptions":{"debuggerAddress":"localhost:60076"},"goog:processID":16728,"networkConnectionEnabled":false,"pageLoadStrategy":"normal","platformName":"windows","proxy":{},"setWindowRect":true,"strictFileInteractability":false,"timeouts":{"implicit":0,"pageLoad":300000,"script":30000},"unhandledPromptBehavior":"dismiss and notify","webauthn:extension:credBlob":true,"webauthn:extension:largeBlob":true,"webauthn:extension:minPinLength":true,"webauthn:extension:prf":true,"webauthn:virtualAuthenticators":true},"sessionId":"754873c2f3fa0d03767fb77e8728a619"}} | headers=HTTPHeaderDict({'Content-Length': '907', 'Content-Type': 'application/json; charset=utf-8', 'cache-control': 'no-cache'})
2026-05-20 14:14:22 - selenium.webdriver.remote.remote_connection - DEBUG - Finished Request
2026-05-20 14:14:22 - selenium.webdriver.remote.remote_connection - DEBUG - POST http://localhost:60073/session/754873c2f3fa0d03767fb77e8728a619/timeouts {'pageLoad': 20000}
2026-05-20 14:14:22 - urllib3.connectionpool - DEBUG - http://localhost:60073 "POST /session/754873c2f3fa0d03767fb77e8728a619/timeouts HTTP/1.1" 200 0
2026-05-20 14:14:22 - selenium.webdriver.remote.remote_connection - DEBUG - Remote response: status=200 | data={"value":null} | headers=HTTPHeaderDict({'Content-Length': '14', 'Content-Type': 'application/json; charset=utf-8', 'cache-control': 'no-cache'})
2026-05-20 14:14:22 - selenium.webdriver.remote.remote_connection - DEBUG - Finished Request
2026-05-20 14:14:22 - scraper - INFO - Chrome driver initialized
2026-05-20 14:14:22 - scraper - INFO - 
======================================================================
2026-05-20 14:14:22 - scraper - INFO - Scraping JNK: https://www.ssga.com/us/en/intermediary/etfs/spdr-bloomberg-high-yield-bond-etf-jnk
2026-05-20 14:14:22 - scraper - INFO - ======================================================================
2026-05-20 14:14:22 - scraper - INFO - Navigating to https://www.ssga.com/us/en/intermediary/etfs/spdr-bloomberg-high-yield-bond-etf-jnk
2026-05-20 14:14:22 - selenium.webdriver.remote.remote_connection - DEBUG - POST http://localhost:60073/session/754873c2f3fa0d03767fb77e8728a619/url {'url': 'https://www.ssga.com/us/en/intermediary/etfs/spdr-bloomberg-high-yield-bond-etf-jnk'}
2026-05-20 14:14:25 - urllib3.connectionpool - DEBUG - http://localhost:60073 "POST /session/754873c2f3fa0d03767fb77e8728a619/url HTTP/1.1" 200 0
2026-05-20 14:14:25 - selenium.webdriver.remote.remote_connection - DEBUG - Remote response: status=200 | data={"value":null} | headers=HTTPHeaderDict({'Content-Length': '14', 'Content-Type': 'application/json; charset=utf-8', 'cache-control': 'no-cache'})
2026-05-20 14:14:25 - selenium.webdriver.remote.remote_connection - DEBUG - Finished Request
2026-05-20 14:14:28 - scraper - INFO - Page loaded successfully
2026-05-20 14:14:28 - scraper - INFO - Checking for cookie modal...
2026-05-20 14:14:28 - selenium.webdriver.remote.remote_connection - DEBUG - POST http://localhost:60073/session/754873c2f3fa0d03767fb77e8728a619/element {'using': 'css selector', 'value': 'div#ssmp-self-identifier-modal'}
2026-05-20 14:14:28 - urllib3.connectionpool - DEBUG - http://localhost:60073 "POST /session/754873c2f3fa0d03767fb77e8728a619/element HTTP/1.1" 200 0
2026-05-20 14:14:28 - selenium.webdriver.remote.remote_connection - DEBUG - Remote response: status=200 | data={"value":{"element-6066-11e4-a52e-4f735466cecf":"f.830FE25C3F4C8AC189D6E91C8391326B.d.9C5A27F17C19E19E87FF9D081FE80F56.e.54"}} | headers=HTTPHeaderDict({'Content-Length': '126', 'Content-Type': 'application/json; charset=utf-8', 'cache-control': 'no-cache'})
2026-05-20 14:14:28 - selenium.webdriver.remote.remote_connection - DEBUG - Finished Request
2026-05-20 14:14:28 - scraper - INFO - Cookie modal detected
2026-05-20 14:14:28 - selenium.webdriver.remote.remote_connection - DEBUG - POST http://localhost:60073/session/754873c2f3fa0d03767fb77e8728a619/element {'using': 'css selector', 'value': 'button#js-ssmp-clrButtonLabel'}
2026-05-20 14:14:28 - urllib3.connectionpool - DEBUG - http://localhost:60073 "POST /session/754873c2f3fa0d03767fb77e8728a619/element HTTP/1.1" 200 0
2026-05-20 14:14:28 - selenium.webdriver.remote.remote_connection - DEBUG - Remote response: status=200 | data={"value":{"element-6066-11e4-a52e-4f735466cecf":"f.830FE25C3F4C8AC189D6E91C8391326B.d.9C5A27F17C19E19E87FF9D081FE80F56.e.55"}} | headers=HTTPHeaderDict({'Content-Length': '126', 'Content-Type': 'application/json; charset=utf-8', 'cache-control': 'no-cache'})
2026-05-20 14:14:28 - selenium.webdriver.remote.remote_connection - DEBUG - Finished Request
2026-05-20 14:14:28 - selenium.webdriver.remote.remote_connection - DEBUG - POST http://localhost:60073/session/754873c2f3fa0d03767fb77e8728a619/element/f.830FE25C3F4C8AC189D6E91C8391326B.d.9C5A27F17C19E19E87FF9D081FE80F56.e.55/click {}
2026-05-20 14:14:28 - urllib3.connectionpool - DEBUG - http://localhost:60073 "POST /session/754873c2f3fa0d03767fb77e8728a619/element/f.830FE25C3F4C8AC189D6E91C8391326B.d.9C5A27F17C19E19E87FF9D081FE80F56.e.55/click HTTP/1.1" 200 0
2026-05-20 14:14:28 - selenium.webdriver.remote.remote_connection - DEBUG - Remote response: status=200 | data={"value":null} | headers=HTTPHeaderDict({'Content-Length': '14', 'Content-Type': 'application/json; charset=utf-8', 'cache-control': 'no-cache'})
2026-05-20 14:14:28 - selenium.webdriver.remote.remote_connection - DEBUG - Finished Request
2026-05-20 14:14:28 - scraper - INFO - Clicked 'Accept and Save Cookies' button
2026-05-20 14:14:30 - scraper - INFO - Scrolling to Fund Characteristics section...
2026-05-20 14:14:30 - selenium.webdriver.remote.remote_connection - DEBUG - POST http://localhost:60073/session/754873c2f3fa0d03767fb77e8728a619/elements {'using': 'css selector', 'value': 'div.keyvalue.fundcomps'}
2026-05-20 14:14:30 - urllib3.connectionpool - DEBUG - http://localhost:60073 "POST /session/754873c2f3fa0d03767fb77e8728a619/elements HTTP/1.1" 200 0
2026-05-20 14:14:30 - selenium.webdriver.remote.remote_connection - DEBUG - Remote response: status=200 | data={"value":[{"element-6066-11e4-a52e-4f735466cecf":"f.830FE25C3F4C8AC189D6E91C8391326B.d.9C5A27F17C19E19E87FF9D081FE80F56.e.56"},{"element-6066-11e4-a52e-4f735466cecf":"f.830FE25C3F4C8AC189D6E91C8391326B.d.9C5A27F17C19E19E87FF9D081FE80F56.e.57"},{"element-6066-11e4-a52e-4f735466cecf":"f.830FE25C3F4C8AC189D6E91C8391326B.d.9C5A27F17C19E19E87FF9D081FE80F56.e.58"},{"element-6066-11e4-a52e-4f735466cecf":"f.830FE25C3F4C8AC189D6E91C8391326B.d.9C5A27F17C19E19E87FF9D081FE80F56.e.59"},{"element-6066-11e4-a52e-4f735466cecf":"f.830FE25C3F4C8AC189D6E91C8391326B.d.9C5A27F17C19E19E87FF9D081FE80F56.e.60"},{"element-6066-11e4-a52e-4f735466cecf":"f.830FE25C3F4C8AC189D6E91C8391326B.d.9C5A27F17C19E19E87FF9D081FE80F56.e.61"},{"element-6066-11e4-a52e-4f735466cecf":"f.830FE25C3F4C8AC189D6E91C8391326B.d.9C5A27F17C19E19E87FF9D081FE80F56.e.62"},{"element-6066-11e4-a52e-4f735466cecf":"f.830FE25C3F4C8AC189D6E91C8391326B.d.9C5A27F17C19E19E87FF9D081FE80F56.e.63"},{"element-6066-11e4-a52e-4f735466cecf":"f.830FE25C3F4C8AC189D6E91C8391326B.d.9C5A27F17C19E19E87FF9D081FE80F56.e.64"}]} | headers=HTTPHeaderDict({'Content-Length': '1064', 'Content-Type': 'application/json; charset=utf-8', 'cache-control': 'no-cache'})
2026-05-20 14:14:30 - selenium.webdriver.remote.remote_connection - DEBUG - Finished Request
2026-05-20 14:14:30 - selenium.webdriver.remote.remote_connection - DEBUG - POST http://localhost:60073/session/754873c2f3fa0d03767fb77e8728a619/element/f.830FE25C3F4C8AC189D6E91C8391326B.d.9C5A27F17C19E19E87FF9D081FE80F56.e.56/element {'using': 'css selector', 'value': 'h2.comp-title'}
2026-05-20 14:14:30 - urllib3.connectionpool - DEBUG - http://localhost:60073 "POST /session/754873c2f3fa0d03767fb77e8728a619/element/f.830FE25C3F4C8AC189D6E91C8391326B.d.9C5A27F17C19E19E87FF9D081FE80F56.e.56/element HTTP/1.1" 200 0
2026-05-20 14:14:30 - selenium.webdriver.remote.remote_connection - DEBUG - Remote response: status=200 | data={"value":{"element-6066-11e4-a52e-4f735466cecf":"f.830FE25C3F4C8AC189D6E91C8391326B.d.9C5A27F17C19E19E87FF9D081FE80F56.e.65"}} | headers=HTTPHeaderDict({'Content-Length': '126', 'Content-Type': 'application/json; charset=utf-8', 'cache-control': 'no-cache'})
2026-05-20 14:14:30 - selenium.webdriver.remote.remote_connection - DEBUG - Finished Request
2026-05-20 14:14:30 - selenium.webdriver.remote.remote_connection - DEBUG - GET http://localhost:60073/session/754873c2f3fa0d03767fb77e8728a619/element/f.830FE25C3F4C8AC189D6E91C8391326B.d.9C5A27F17C19E19E87FF9D081FE80F56.e.65/text {}
2026-05-20 14:14:30 - urllib3.connectionpool - DEBUG - http://localhost:60073 "GET /session/754873c2f3fa0d03767fb77e8728a619/element/f.830FE25C3F4C8AC189D6E91C8391326B.d.9C5A27F17C19E19E87FF9D081FE80F56.e.65/text HTTP/1.1" 200 0
2026-05-20 14:14:30 - selenium.webdriver.remote.remote_connection - DEBUG - Remote response: status=200 | data={"value":""} | headers=HTTPHeaderDict({'Content-Length': '12', 'Content-Type': 'application/json; charset=utf-8', 'cache-control': 'no-cache'})
2026-05-20 14:14:30 - selenium.webdriver.remote.remote_connection - DEBUG - Finished Request
2026-05-20 14:14:30 - selenium.webdriver.remote.remote_connection - DEBUG - POST http://localhost:60073/session/754873c2f3fa0d03767fb77e8728a619/element/f.830FE25C3F4C8AC189D6E91C8391326B.d.9C5A27F17C19E19E87FF9D081FE80F56.e.57/element {'using': 'css selector', 'value': 'h2.comp-title'}
2026-05-20 14:14:30 - urllib3.connectionpool - DEBUG - http://localhost:60073 "POST /session/754873c2f3fa0d03767fb77e8728a619/element/f.830FE25C3F4C8AC189D6E91C8391326B.d.9C5A27F17C19E19E87FF9D081FE80F56.e.57/element HTTP/1.1" 200 0
2026-05-20 14:14:30 - selenium.webdriver.remote.remote_connection - DEBUG - Remote response: status=200 | data={"value":{"element-6066-11e4-a52e-4f735466cecf":"f.830FE25C3F4C8AC189D6E91C8391326B.d.9C5A27F17C19E19E87FF9D081FE80F56.e.66"}} | headers=HTTPHeaderDict({'Content-Length': '126', 'Content-Type': 'application/json; charset=utf-8', 'cache-control': 'no-cache'})
2026-05-20 14:14:30 - selenium.webdriver.remote.remote_connection - DEBUG - Finished Request
2026-05-20 14:14:30 - selenium.webdriver.remote.remote_connection - DEBUG - GET http://localhost:60073/session/754873c2f3fa0d03767fb77e8728a619/element/f.830FE25C3F4C8AC189D6E91C8391326B.d.9C5A27F17C19E19E87FF9D081FE80F56.e.66/text {}
2026-05-20 14:14:30 - urllib3.connectionpool - DEBUG - http://localhost:60073 "GET /session/754873c2f3fa0d03767fb77e8728a619/element/f.830FE25C3F4C8AC189D6E91C8391326B.d.9C5A27F17C19E19E87FF9D081FE80F56.e.66/text HTTP/1.1" 200 0
2026-05-20 14:14:30 - selenium.webdriver.remote.remote_connection - DEBUG - Remote response: status=200 | data={"value":""} | headers=HTTPHeaderDict({'Content-Length': '12', 'Content-Type': 'application/json; charset=utf-8', 'cache-control': 'no-cache'})
2026-05-20 14:14:30 - selenium.webdriver.remote.remote_connection - DEBUG - Finished Request
2026-05-20 14:14:30 - selenium.webdriver.remote.remote_connection - DEBUG - POST http://localhost:60073/session/754873c2f3fa0d03767fb77e8728a619/element/f.830FE25C3F4C8AC189D6E91C8391326B.d.9C5A27F17C19E19E87FF9D081FE80F56.e.58/element {'using': 'css selector', 'value': 'h2.comp-title'}
2026-05-20 14:14:30 - urllib3.connectionpool - DEBUG - http://localhost:60073 "POST /session/754873c2f3fa0d03767fb77e8728a619/element/f.830FE25C3F4C8AC189D6E91C8391326B.d.9C5A27F17C19E19E87FF9D081FE80F56.e.58/element HTTP/1.1" 200 0
2026-05-20 14:14:30 - selenium.webdriver.remote.remote_connection - DEBUG - Remote response: status=200 | data={"value":{"element-6066-11e4-a52e-4f735466cecf":"f.830FE25C3F4C8AC189D6E91C8391326B.d.9C5A27F17C19E19E87FF9D081FE80F56.e.67"}} | headers=HTTPHeaderDict({'Content-Length': '126', 'Content-Type': 'application/json; charset=utf-8', 'cache-control': 'no-cache'})
2026-05-20 14:14:30 - selenium.webdriver.remote.remote_connection - DEBUG - Finished Request
2026-05-20 14:14:30 - selenium.webdriver.remote.remote_connection - DEBUG - GET http://localhost:60073/session/754873c2f3fa0d03767fb77e8728a619/element/f.830FE25C3F4C8AC189D6E91C8391326B.d.9C5A27F17C19E19E87FF9D081FE80F56.e.67/text {}
2026-05-20 14:14:30 - urllib3.connectionpool - DEBUG - http://localhost:60073 "GET /session/754873c2f3fa0d03767fb77e8728a619/element/f.830FE25C3F4C8AC189D6E91C8391326B.d.9C5A27F17C19E19E87FF9D081FE80F56.e.67/text HTTP/1.1" 200 0
2026-05-20 14:14:30 - selenium.webdriver.remote.remote_connection - DEBUG - Remote response: status=200 | data={"value":""} | headers=HTTPHeaderDict({'Content-Length': '12', 'Content-Type': 'application/json; charset=utf-8', 'cache-control': 'no-cache'})
2026-05-20 14:14:30 - selenium.webdriver.remote.remote_connection - DEBUG - Finished Request
2026-05-20 14:14:30 - selenium.webdriver.remote.remote_connection - DEBUG - POST http://localhost:60073/session/754873c2f3fa0d03767fb77e8728a619/element/f.830FE25C3F4C8AC189D6E91C8391326B.d.9C5A27F17C19E19E87FF9D081FE80F56.e.59/element {'using': 'css selector', 'value': 'h2.comp-title'}
2026-05-20 14:14:30 - urllib3.connectionpool - DEBUG - http://localhost:60073 "POST /session/754873c2f3fa0d03767fb77e8728a619/element/f.830FE25C3F4C8AC189D6E91C8391326B.d.9C5A27F17C19E19E87FF9D081FE80F56.e.59/element HTTP/1.1" 200 0
2026-05-20 14:14:30 - selenium.webdriver.remote.remote_connection - DEBUG - Remote response: status=200 | data={"value":{"element-6066-11e4-a52e-4f735466cecf":"f.830FE25C3F4C8AC189D6E91C8391326B.d.9C5A27F17C19E19E87FF9D081FE80F56.e.68"}} | headers=HTTPHeaderDict({'Content-Length': '126', 'Content-Type': 'application/json; charset=utf-8', 'cache-control': 'no-cache'})
2026-05-20 14:14:30 - selenium.webdriver.remote.remote_connection - DEBUG - Finished Request
2026-05-20 14:14:30 - selenium.webdriver.remote.remote_connection - DEBUG - GET http://localhost:60073/session/754873c2f3fa0d03767fb77e8728a619/element/f.830FE25C3F4C8AC189D6E91C8391326B.d.9C5A27F17C19E19E87FF9D081FE80F56.e.68/text {}
2026-05-20 14:14:30 - urllib3.connectionpool - DEBUG - http://localhost:60073 "GET /session/754873c2f3fa0d03767fb77e8728a619/element/f.830FE25C3F4C8AC189D6E91C8391326B.d.9C5A27F17C19E19E87FF9D081FE80F56.e.68/text HTTP/1.1" 200 0
2026-05-20 14:14:30 - selenium.webdriver.remote.remote_connection - DEBUG - Remote response: status=200 | data={"value":""} | headers=HTTPHeaderDict({'Content-Length': '12', 'Content-Type': 'application/json; charset=utf-8', 'cache-control': 'no-cache'})
2026-05-20 14:14:30 - selenium.webdriver.remote.remote_connection - DEBUG - Finished Request
2026-05-20 14:14:30 - selenium.webdriver.remote.remote_connection - DEBUG - POST http://localhost:60073/session/754873c2f3fa0d03767fb77e8728a619/element/f.830FE25C3F4C8AC189D6E91C8391326B.d.9C5A27F17C19E19E87FF9D081FE80F56.e.60/element {'using': 'css selector', 'value': 'h2.comp-title'}
2026-05-20 14:14:30 - urllib3.connectionpool - DEBUG - http://localhost:60073 "POST /session/754873c2f3fa0d03767fb77e8728a619/element/f.830FE25C3F4C8AC189D6E91C8391326B.d.9C5A27F17C19E19E87FF9D081FE80F56.e.60/element HTTP/1.1" 200 0
2026-05-20 14:14:30 - selenium.webdriver.remote.remote_connection - DEBUG - Remote response: status=200 | data={"value":{"element-6066-11e4-a52e-4f735466cecf":"f.830FE25C3F4C8AC189D6E91C8391326B.d.9C5A27F17C19E19E87FF9D081FE80F56.e.69"}} | headers=HTTPHeaderDict({'Content-Length': '126', 'Content-Type': 'application/json; charset=utf-8', 'cache-control': 'no-cache'})
2026-05-20 14:14:30 - selenium.webdriver.remote.remote_connection - DEBUG - Finished Request
2026-05-20 14:14:30 - selenium.webdriver.remote.remote_connection - DEBUG - GET http://localhost:60073/session/754873c2f3fa0d03767fb77e8728a619/element/f.830FE25C3F4C8AC189D6E91C8391326B.d.9C5A27F17C19E19E87FF9D081FE80F56.e.69/text {}
2026-05-20 14:14:30 - urllib3.connectionpool - DEBUG - http://localhost:60073 "GET /session/754873c2f3fa0d03767fb77e8728a619/element/f.830FE25C3F4C8AC189D6E91C8391326B.d.9C5A27F17C19E19E87FF9D081FE80F56.e.69/text HTTP/1.1" 200 0
2026-05-20 14:14:30 - selenium.webdriver.remote.remote_connection - DEBUG - Remote response: status=200 | data={"value":""} | headers=HTTPHeaderDict({'Content-Length': '12', 'Content-Type': 'application/json; charset=utf-8', 'cache-control': 'no-cache'})
2026-05-20 14:14:30 - selenium.webdriver.remote.remote_connection - DEBUG - Finished Request
2026-05-20 14:14:30 - selenium.webdriver.remote.remote_connection - DEBUG - POST http://localhost:60073/session/754873c2f3fa0d03767fb77e8728a619/element/f.830FE25C3F4C8AC189D6E91C8391326B.d.9C5A27F17C19E19E87FF9D081FE80F56.e.61/element {'using': 'css selector', 'value': 'h2.comp-title'}
2026-05-20 14:14:30 - urllib3.connectionpool - DEBUG - http://localhost:60073 "POST /session/754873c2f3fa0d03767fb77e8728a619/element/f.830FE25C3F4C8AC189D6E91C8391326B.d.9C5A27F17C19E19E87FF9D081FE80F56.e.61/element HTTP/1.1" 404 0
2026-05-20 14:14:30 - selenium.webdriver.remote.remote_connection - DEBUG - Remote response: status=404 | data={"value":{"error":"no such element","message":"no such element: Unable to locate element: {\"method\":\"css selector\",\"selector\":\"h2.comp-title\"}\n  (Session info: chrome=148.0.7778.168)","stacktrace":"\tchromedriver!GetHandleVerifier [0x7ff630ff7de5+14895]\n\tchromedriver!GetHandleVerifier [0x7ff630ff7e50+14900]\n\tchromedriver!(No symbol) [0x7ff630d5d5ad]\n\tchromedriver!(No symbol) [0x7ff630db7822]\n\tchromedriver!(No symbol) [0x7ff630db7b2c]\n\tchromedriver!(No symbol) [0x7ff630dab6bc]\n\tchromedriver!(No symbol) [0x7ff630dab566]\n\tchromedriver!(No symbol) [0x7ff630e0486f]\n\tchromedriver!(No symbol) [0x7ff630da9df8]\n\tchromedriver!(No symbol) [0x7ff630daace3]\n\tchromedriver!GetHandleVerifier [0x7ff63130cc49+3296f9]\n\tchromedriver!GetHandleVerifier [0x7ff631307375+323e25]\n\tchromedriver!GetHandleVerifier [0x7ff63132bc82+348732]\n\tchromedriver!GetHandleVerifier [0x7ff631016045+32af5]\n\tchromedriver!GetHandleVerifier [0x7ff63101ecec+3b79c]\n\tchromedriver!GetHandleVerifier [0x7ff631001bc4+1e674]\n\tchromedriver!GetHandleVerifier [0x7ff631001d54+1e804]\n\tchromedriver!GetHandleVerifier [0x7ff630fe60e7+2b97]\n\tKERNEL32!BaseThreadInitThunk [0x7ffd175853e0+10]\n\tntdll!RtlUserThreadStart [0x7ffd18a8485b+2b]\n"}} | headers=HTTPHeaderDict({'Content-Length': '1242', 'Content-Type': 'application/json; charset=utf-8', 'cache-control': 'no-cache'})
2026-05-20 14:14:30 - selenium.webdriver.remote.remote_connection - DEBUG - Finished Request
2026-05-20 14:14:30 - scraper - ERROR - Error scrolling to section: Message: no such element: Unable to locate element: {"method":"css selector","selector":"h2.comp-title"}
  (Session info: chrome=148.0.7778.168); For documentation on this error, please visit: https://www.selenium.dev/documentation/webdriver/troubleshooting/errors#no-such-element-exception
Stacktrace:
	chromedriver!GetHandleVerifier [0x7ff630ff7de5+14895]
	chromedriver!GetHandleVerifier [0x7ff630ff7e50+14900]
	chromedriver!(No symbol) [0x7ff630d5d5ad]
	chromedriver!(No symbol) [0x7ff630db7822]
	chromedriver!(No symbol) [0x7ff630db7b2c]
	chromedriver!(No symbol) [0x7ff630dab6bc]
	chromedriver!(No symbol) [0x7ff630dab566]
	chromedriver!(No symbol) [0x7ff630e0486f]
	chromedriver!(No symbol) [0x7ff630da9df8]
	chromedriver!(No symbol) [0x7ff630daace3]
	chromedriver!GetHandleVerifier [0x7ff63130cc49+3296f9]
	chromedriver!GetHandleVerifier [0x7ff631307375+323e25]
	chromedriver!GetHandleVerifier [0x7ff63132bc82+348732]
	chromedriver!GetHandleVerifier [0x7ff631016045+32af5]
	chromedriver!GetHandleVerifier [0x7ff63101ecec+3b79c]
	chromedriver!GetHandleVerifier [0x7ff631001bc4+1e674]
	chromedriver!GetHandleVerifier [0x7ff631001d54+1e804]
	chromedriver!GetHandleVerifier [0x7ff630fe60e7+2b97]
	KERNEL32!BaseThreadInitThunk [0x7ffd175853e0+10]
	ntdll!RtlUserThreadStart [0x7ffd18a8485b+2b]

2026-05-20 14:14:30 - scraper - WARNING - Could not scroll to Fund Characteristics for JNK
2026-05-20 14:14:30 - scraper - INFO - Extracting fund data for JNK...
2026-05-20 14:14:30 - selenium.webdriver.remote.remote_connection - DEBUG - POST http://localhost:60073/session/754873c2f3fa0d03767fb77e8728a619/elements {'using': 'css selector', 'value': 'div.keyvalue.fundcomps'}
2026-05-20 14:14:30 - urllib3.connectionpool - DEBUG - http://localhost:60073 "POST /session/754873c2f3fa0d03767fb77e8728a619/elements HTTP/1.1" 200 0
2026-05-20 14:14:30 - selenium.webdriver.remote.remote_connection - DEBUG - Remote response: status=200 | data={"value":[{"element-6066-11e4-a52e-4f735466cecf":"f.830FE25C3F4C8AC189D6E91C8391326B.d.9C5A27F17C19E19E87FF9D081FE80F56.e.56"},{"element-6066-11e4-a52e-4f735466cecf":"f.830FE25C3F4C8AC189D6E91C8391326B.d.9C5A27F17C19E19E87FF9D081FE80F56.e.57"},{"element-6066-11e4-a52e-4f735466cecf":"f.830FE25C3F4C8AC189D6E91C8391326B.d.9C5A27F17C19E19E87FF9D081FE80F56.e.58"},{"element-6066-11e4-a52e-4f735466cecf":"f.830FE25C3F4C8AC189D6E91C8391326B.d.9C5A27F17C19E19E87FF9D081FE80F56.e.59"},{"element-6066-11e4-a52e-4f735466cecf":"f.830FE25C3F4C8AC189D6E91C8391326B.d.9C5A27F17C19E19E87FF9D081FE80F56.e.60"},{"element-6066-11e4-a52e-4f735466cecf":"f.830FE25C3F4C8AC189D6E91C8391326B.d.9C5A27F17C19E19E87FF9D081FE80F56.e.61"},{"element-6066-11e4-a52e-4f735466cecf":"f.830FE25C3F4C8AC189D6E91C8391326B.d.9C5A27F17C19E19E87FF9D081FE80F56.e.62"},{"element-6066-11e4-a52e-4f735466cecf":"f.830FE25C3F4C8AC189D6E91C8391326B.d.9C5A27F17C19E19E87FF9D081FE80F56.e.63"},{"element-6066-11e4-a52e-4f735466cecf":"f.830FE25C3F4C8AC189D6E91C8391326B.d.9C5A27F17C19E19E87FF9D081FE80F56.e.64"}]} | headers=HTTPHeaderDict({'Content-Length': '1064', 'Content-Type': 'application/json; charset=utf-8', 'cache-control': 'no-cache'})
2026-05-20 14:14:30 - selenium.webdriver.remote.remote_connection - DEBUG - Finished Request
2026-05-20 14:14:30 - selenium.webdriver.remote.remote_connection - DEBUG - POST http://localhost:60073/session/754873c2f3fa0d03767fb77e8728a619/element/f.830FE25C3F4C8AC189D6E91C8391326B.d.9C5A27F17C19E19E87FF9D081FE80F56.e.56/element {'using': 'css selector', 'value': 'h2.comp-title'}
2026-05-20 14:14:30 - urllib3.connectionpool - DEBUG - http://localhost:60073 "POST /session/754873c2f3fa0d03767fb77e8728a619/element/f.830FE25C3F4C8AC189D6E91C8391326B.d.9C5A27F17C19E19E87FF9D081FE80F56.e.56/element HTTP/1.1" 200 0
2026-05-20 14:14:30 - selenium.webdriver.remote.remote_connection - DEBUG - Remote response: status=200 | data={"value":{"element-6066-11e4-a52e-4f735466cecf":"f.830FE25C3F4C8AC189D6E91C8391326B.d.9C5A27F17C19E19E87FF9D081FE80F56.e.65"}} | headers=HTTPHeaderDict({'Content-Length': '126', 'Content-Type': 'application/json; charset=utf-8', 'cache-control': 'no-cache'})
2026-05-20 14:14:30 - selenium.webdriver.remote.remote_connection - DEBUG - Finished Request
2026-05-20 14:14:30 - selenium.webdriver.remote.remote_connection - DEBUG - GET http://localhost:60073/session/754873c2f3fa0d03767fb77e8728a619/element/f.830FE25C3F4C8AC189D6E91C8391326B.d.9C5A27F17C19E19E87FF9D081FE80F56.e.65/text {}
2026-05-20 14:14:30 - urllib3.connectionpool - DEBUG - http://localhost:60073 "GET /session/754873c2f3fa0d03767fb77e8728a619/element/f.830FE25C3F4C8AC189D6E91C8391326B.d.9C5A27F17C19E19E87FF9D081FE80F56.e.65/text HTTP/1.1" 200 0
2026-05-20 14:14:30 - selenium.webdriver.remote.remote_connection - DEBUG - Remote response: status=200 | data={"value":""} | headers=HTTPHeaderDict({'Content-Length': '12', 'Content-Type': 'application/json; charset=utf-8', 'cache-control': 'no-cache'})
2026-05-20 14:14:30 - selenium.webdriver.remote.remote_connection - DEBUG - Finished Request
2026-05-20 14:14:30 - selenium.webdriver.remote.remote_connection - DEBUG - POST http://localhost:60073/session/754873c2f3fa0d03767fb77e8728a619/element/f.830FE25C3F4C8AC189D6E91C8391326B.d.9C5A27F17C19E19E87FF9D081FE80F56.e.57/element {'using': 'css selector', 'value': 'h2.comp-title'}
2026-05-20 14:14:30 - urllib3.connectionpool - DEBUG - http://localhost:60073 "POST /session/754873c2f3fa0d03767fb77e8728a619/element/f.830FE25C3F4C8AC189D6E91C8391326B.d.9C5A27F17C19E19E87FF9D081FE80F56.e.57/element HTTP/1.1" 200 0
2026-05-20 14:14:30 - selenium.webdriver.remote.remote_connection - DEBUG - Remote response: status=200 | data={"value":{"element-6066-11e4-a52e-4f735466cecf":"f.830FE25C3F4C8AC189D6E91C8391326B.d.9C5A27F17C19E19E87FF9D081FE80F56.e.66"}} | headers=HTTPHeaderDict({'Content-Length': '126', 'Content-Type': 'application/json; charset=utf-8', 'cache-control': 'no-cache'})
2026-05-20 14:14:30 - selenium.webdriver.remote.remote_connection - DEBUG - Finished Request
2026-05-20 14:14:30 - selenium.webdriver.remote.remote_connection - DEBUG - GET http://localhost:60073/session/754873c2f3fa0d03767fb77e8728a619/element/f.830FE25C3F4C8AC189D6E91C8391326B.d.9C5A27F17C19E19E87FF9D081FE80F56.e.66/text {}
2026-05-20 14:14:30 - urllib3.connectionpool - DEBUG - http://localhost:60073 "GET /session/754873c2f3fa0d03767fb77e8728a619/element/f.830FE25C3F4C8AC189D6E91C8391326B.d.9C5A27F17C19E19E87FF9D081FE80F56.e.66/text HTTP/1.1" 200 0
2026-05-20 14:14:30 - selenium.webdriver.remote.remote_connection - DEBUG - Remote response: status=200 | data={"value":""} | headers=HTTPHeaderDict({'Content-Length': '12', 'Content-Type': 'application/json; charset=utf-8', 'cache-control': 'no-cache'})
2026-05-20 14:14:30 - selenium.webdriver.remote.remote_connection - DEBUG - Finished Request
2026-05-20 14:14:30 - selenium.webdriver.remote.remote_connection - DEBUG - POST http://localhost:60073/session/754873c2f3fa0d03767fb77e8728a619/element/f.830FE25C3F4C8AC189D6E91C8391326B.d.9C5A27F17C19E19E87FF9D081FE80F56.e.58/element {'using': 'css selector', 'value': 'h2.comp-title'}
2026-05-20 14:14:30 - urllib3.connectionpool - DEBUG - http://localhost:60073 "POST /session/754873c2f3fa0d03767fb77e8728a619/element/f.830FE25C3F4C8AC189D6E91C8391326B.d.9C5A27F17C19E19E87FF9D081FE80F56.e.58/element HTTP/1.1" 200 0
2026-05-20 14:14:30 - selenium.webdriver.remote.remote_connection - DEBUG - Remote response: status=200 | data={"value":{"element-6066-11e4-a52e-4f735466cecf":"f.830FE25C3F4C8AC189D6E91C8391326B.d.9C5A27F17C19E19E87FF9D081FE80F56.e.67"}} | headers=HTTPHeaderDict({'Content-Length': '126', 'Content-Type': 'application/json; charset=utf-8', 'cache-control': 'no-cache'})
2026-05-20 14:14:30 - selenium.webdriver.remote.remote_connection - DEBUG - Finished Request
2026-05-20 14:14:30 - selenium.webdriver.remote.remote_connection - DEBUG - GET http://localhost:60073/session/754873c2f3fa0d03767fb77e8728a619/element/f.830FE25C3F4C8AC189D6E91C8391326B.d.9C5A27F17C19E19E87FF9D081FE80F56.e.67/text {}
2026-05-20 14:14:31 - urllib3.connectionpool - DEBUG - http://localhost:60073 "GET /session/754873c2f3fa0d03767fb77e8728a619/element/f.830FE25C3F4C8AC189D6E91C8391326B.d.9C5A27F17C19E19E87FF9D081FE80F56.e.67/text HTTP/1.1" 200 0
2026-05-20 14:14:31 - selenium.webdriver.remote.remote_connection - DEBUG - Remote response: status=200 | data={"value":""} | headers=HTTPHeaderDict({'Content-Length': '12', 'Content-Type': 'application/json; charset=utf-8', 'cache-control': 'no-cache'})
2026-05-20 14:14:31 - selenium.webdriver.remote.remote_connection - DEBUG - Finished Request
2026-05-20 14:14:31 - selenium.webdriver.remote.remote_connection - DEBUG - POST http://localhost:60073/session/754873c2f3fa0d03767fb77e8728a619/element/f.830FE25C3F4C8AC189D6E91C8391326B.d.9C5A27F17C19E19E87FF9D081FE80F56.e.59/element {'using': 'css selector', 'value': 'h2.comp-title'}
2026-05-20 14:14:31 - urllib3.connectionpool - DEBUG - http://localhost:60073 "POST /session/754873c2f3fa0d03767fb77e8728a619/element/f.830FE25C3F4C8AC189D6E91C8391326B.d.9C5A27F17C19E19E87FF9D081FE80F56.e.59/element HTTP/1.1" 200 0
2026-05-20 14:14:31 - selenium.webdriver.remote.remote_connection - DEBUG - Remote response: status=200 | data={"value":{"element-6066-11e4-a52e-4f735466cecf":"f.830FE25C3F4C8AC189D6E91C8391326B.d.9C5A27F17C19E19E87FF9D081FE80F56.e.68"}} | headers=HTTPHeaderDict({'Content-Length': '126', 'Content-Type': 'application/json; charset=utf-8', 'cache-control': 'no-cache'})
2026-05-20 14:14:31 - selenium.webdriver.remote.remote_connection - DEBUG - Finished Request
2026-05-20 14:14:31 - selenium.webdriver.remote.remote_connection - DEBUG - GET http://localhost:60073/session/754873c2f3fa0d03767fb77e8728a619/element/f.830FE25C3F4C8AC189D6E91C8391326B.d.9C5A27F17C19E19E87FF9D081FE80F56.e.68/text {}
2026-05-20 14:14:31 - urllib3.connectionpool - DEBUG - http://localhost:60073 "GET /session/754873c2f3fa0d03767fb77e8728a619/element/f.830FE25C3F4C8AC189D6E91C8391326B.d.9C5A27F17C19E19E87FF9D081FE80F56.e.68/text HTTP/1.1" 200 0
2026-05-20 14:14:31 - selenium.webdriver.remote.remote_connection - DEBUG - Remote response: status=200 | data={"value":""} | headers=HTTPHeaderDict({'Content-Length': '12', 'Content-Type': 'application/json; charset=utf-8', 'cache-control': 'no-cache'})
2026-05-20 14:14:31 - selenium.webdriver.remote.remote_connection - DEBUG - Finished Request
2026-05-20 14:14:31 - selenium.webdriver.remote.remote_connection - DEBUG - POST http://localhost:60073/session/754873c2f3fa0d03767fb77e8728a619/element/f.830FE25C3F4C8AC189D6E91C8391326B.d.9C5A27F17C19E19E87FF9D081FE80F56.e.60/element {'using': 'css selector', 'value': 'h2.comp-title'}
2026-05-20 14:14:31 - urllib3.connectionpool - DEBUG - http://localhost:60073 "POST /session/754873c2f3fa0d03767fb77e8728a619/element/f.830FE25C3F4C8AC189D6E91C8391326B.d.9C5A27F17C19E19E87FF9D081FE80F56.e.60/element HTTP/1.1" 200 0
2026-05-20 14:14:31 - selenium.webdriver.remote.remote_connection - DEBUG - Remote response: status=200 | data={"value":{"element-6066-11e4-a52e-4f735466cecf":"f.830FE25C3F4C8AC189D6E91C8391326B.d.9C5A27F17C19E19E87FF9D081FE80F56.e.69"}} | headers=HTTPHeaderDict({'Content-Length': '126', 'Content-Type': 'application/json; charset=utf-8', 'cache-control': 'no-cache'})
2026-05-20 14:14:31 - selenium.webdriver.remote.remote_connection - DEBUG - Finished Request
2026-05-20 14:14:31 - selenium.webdriver.remote.remote_connection - DEBUG - GET http://localhost:60073/session/754873c2f3fa0d03767fb77e8728a619/element/f.830FE25C3F4C8AC189D6E91C8391326B.d.9C5A27F17C19E19E87FF9D081FE80F56.e.69/text {}
2026-05-20 14:14:31 - urllib3.connectionpool - DEBUG - http://localhost:60073 "GET /session/754873c2f3fa0d03767fb77e8728a619/element/f.830FE25C3F4C8AC189D6E91C8391326B.d.9C5A27F17C19E19E87FF9D081FE80F56.e.69/text HTTP/1.1" 200 0
2026-05-20 14:14:31 - selenium.webdriver.remote.remote_connection - DEBUG - Remote response: status=200 | data={"value":""} | headers=HTTPHeaderDict({'Content-Length': '12', 'Content-Type': 'application/json; charset=utf-8', 'cache-control': 'no-cache'})
2026-05-20 14:14:31 - selenium.webdriver.remote.remote_connection - DEBUG - Finished Request
2026-05-20 14:14:31 - selenium.webdriver.remote.remote_connection - DEBUG - POST http://localhost:60073/session/754873c2f3fa0d03767fb77e8728a619/element/f.830FE25C3F4C8AC189D6E91C8391326B.d.9C5A27F17C19E19E87FF9D081FE80F56.e.61/element {'using': 'css selector', 'value': 'h2.comp-title'}
2026-05-20 14:14:31 - urllib3.connectionpool - DEBUG - http://localhost:60073 "POST /session/754873c2f3fa0d03767fb77e8728a619/element/f.830FE25C3F4C8AC189D6E91C8391326B.d.9C5A27F17C19E19E87FF9D081FE80F56.e.61/element HTTP/1.1" 404 0
2026-05-20 14:14:31 - selenium.webdriver.remote.remote_connection - DEBUG - Remote response: status=404 | data={"value":{"error":"no such element","message":"no such element: Unable to locate element: {\"method\":\"css selector\",\"selector\":\"h2.comp-title\"}\n  (Session info: chrome=148.0.7778.168)","stacktrace":"\tchromedriver!GetHandleVerifier [0x7ff630ff7de5+14895]\n\tchromedriver!GetHandleVerifier [0x7ff630ff7e50+14900]\n\tchromedriver!(No symbol) [0x7ff630d5d5ad]\n\tchromedriver!(No symbol) [0x7ff630db7822]\n\tchromedriver!(No symbol) [0x7ff630db7b2c]\n\tchromedriver!(No symbol) [0x7ff630dab6bc]\n\tchromedriver!(No symbol) [0x7ff630dab566]\n\tchromedriver!(No symbol) [0x7ff630e0486f]\n\tchromedriver!(No symbol) [0x7ff630da9df8]\n\tchromedriver!(No symbol) [0x7ff630daace3]\n\tchromedriver!GetHandleVerifier [0x7ff63130cc49+3296f9]\n\tchromedriver!GetHandleVerifier [0x7ff631307375+323e25]\n\tchromedriver!GetHandleVerifier [0x7ff63132bc82+348732]\n\tchromedriver!GetHandleVerifier [0x7ff631016045+32af5]\n\tchromedriver!GetHandleVerifier [0x7ff63101ecec+3b79c]\n\tchromedriver!GetHandleVerifier [0x7ff631001bc4+1e674]\n\tchromedriver!GetHandleVerifier [0x7ff631001d54+1e804]\n\tchromedriver!GetHandleVerifier [0x7ff630fe60e7+2b97]\n\tKERNEL32!BaseThreadInitThunk [0x7ffd175853e0+10]\n\tntdll!RtlUserThreadStart [0x7ffd18a8485b+2b]\n"}} | headers=HTTPHeaderDict({'Content-Length': '1242', 'Content-Type': 'application/json; charset=utf-8', 'cache-control': 'no-cache'})
2026-05-20 14:14:31 - selenium.webdriver.remote.remote_connection - DEBUG - Finished Request
2026-05-20 14:14:31 - scraper - ERROR - Error extracting fund data: Message: no such element: Unable to locate element: {"method":"css selector","selector":"h2.comp-title"}
  (Session info: chrome=148.0.7778.168); For documentation on this error, please visit: https://www.selenium.dev/documentation/webdriver/troubleshooting/errors#no-such-element-exception
Stacktrace:
	chromedriver!GetHandleVerifier [0x7ff630ff7de5+14895]
	chromedriver!GetHandleVerifier [0x7ff630ff7e50+14900]
	chromedriver!(No symbol) [0x7ff630d5d5ad]
	chromedriver!(No symbol) [0x7ff630db7822]
	chromedriver!(No symbol) [0x7ff630db7b2c]
	chromedriver!(No symbol) [0x7ff630dab6bc]
	chromedriver!(No symbol) [0x7ff630dab566]
	chromedriver!(No symbol) [0x7ff630e0486f]
	chromedriver!(No symbol) [0x7ff630da9df8]
	chromedriver!(No symbol) [0x7ff630daace3]
	chromedriver!GetHandleVerifier [0x7ff63130cc49+3296f9]
	chromedriver!GetHandleVerifier [0x7ff631307375+323e25]
	chromedriver!GetHandleVerifier [0x7ff63132bc82+348732]
	chromedriver!GetHandleVerifier [0x7ff631016045+32af5]
	chromedriver!GetHandleVerifier [0x7ff63101ecec+3b79c]
	chromedriver!GetHandleVerifier [0x7ff631001bc4+1e674]
	chromedriver!GetHandleVerifier [0x7ff631001d54+1e804]
	chromedriver!GetHandleVerifier [0x7ff630fe60e7+2b97]
	KERNEL32!BaseThreadInitThunk [0x7ffd175853e0+10]
	ntdll!RtlUserThreadStart [0x7ffd18a8485b+2b]

2026-05-20 14:14:31 - scraper - ERROR - Failed to extract data for JNK
2026-05-20 14:14:31 - scraper - ERROR - Required product JNK failed - aborting
2026-05-20 14:14:31 - selenium.webdriver.remote.remote_connection - DEBUG - DELETE http://localhost:60073/session/754873c2f3fa0d03767fb77e8728a619 {}
2026-05-20 14:14:31 - urllib3.connectionpool - DEBUG - http://localhost:60073 "DELETE /session/754873c2f3fa0d03767fb77e8728a619 HTTP/1.1" 200 0
2026-05-20 14:14:31 - selenium.webdriver.remote.remote_connection - DEBUG - Remote response: status=200 | data={"value":null} | headers=HTTPHeaderDict({'Content-Length': '14', 'Content-Type': 'application/json; charset=utf-8', 'cache-control': 'no-cache'})
2026-05-20 14:14:31 - selenium.webdriver.remote.remote_connection - DEBUG - Finished Request
2026-05-20 14:14:33 - scraper - INFO - Browser closed
2026-05-20 14:14:33 - __main__ - ERROR - Failed to scrape ETF data
